[2026-05-10T07:29:22.898+0000] {local_task_job_runner.py:120} INFO - ::group::Pre task execution logs
[2026-05-10T07:29:22.972+0000] {taskinstance.py:2076} INFO - Dependencies all met for dep_context=non-requeueable deps ti=<TaskInstance: minio_to_snowflake_banking.load_snowflake scheduled__2026-05-10T07:28:00+00:00 [queued]>
[2026-05-10T07:29:22.985+0000] {taskinstance.py:2076} INFO - Dependencies all met for dep_context=requeueable deps ti=<TaskInstance: minio_to_snowflake_banking.load_snowflake scheduled__2026-05-10T07:28:00+00:00 [queued]>
[2026-05-10T07:29:22.986+0000] {taskinstance.py:2306} INFO - Starting attempt 1 of 2
[2026-05-10T07:29:23.002+0000] {taskinstance.py:2330} INFO - Executing <Task(PythonOperator): load_snowflake> on 2026-05-10 07:28:00+00:00
[2026-05-10T07:29:23.017+0000] {standard_task_runner.py:90} INFO - Running: ['***', 'tasks', 'run', 'minio_to_snowflake_banking', 'load_snowflake', 'scheduled__2026-05-10T07:28:00+00:00', '--job-id', '287', '--raw', '--subdir', 'DAGS_FOLDER/minio_to_snowflake_dag.py', '--cfg-path', '/tmp/tmp7tljtc4q']
[2026-05-10T07:29:23.021+0000] {logging_mixin.py:188} WARNING - /home/***/.local/lib/python3.12/site-packages/***/task/task_runner/standard_task_runner.py:62 DeprecationWarning: This process (pid=2668) is multi-threaded, use of fork() may lead to deadlocks in the child.
[2026-05-10T07:29:23.028+0000] {standard_task_runner.py:91} INFO - Job 287: Subtask load_snowflake
[2026-05-10T07:29:23.029+0000] {standard_task_runner.py:64} INFO - Started process 2683 to run task
[2026-05-10T07:29:23.129+0000] {task_command.py:426} INFO - Running <TaskInstance: minio_to_snowflake_banking.load_snowflake scheduled__2026-05-10T07:28:00+00:00 [running]> on host 4a45957ba20f
[2026-05-10T07:29:23.284+0000] {taskinstance.py:2648} INFO - Exporting env vars: AIRFLOW_CTX_DAG_OWNER='***' AIRFLOW_CTX_DAG_ID='minio_to_snowflake_banking' AIRFLOW_CTX_TASK_ID='load_snowflake' AIRFLOW_CTX_EXECUTION_DATE='2026-05-10T07:28:00+00:00' AIRFLOW_CTX_TRY_NUMBER='1' AIRFLOW_CTX_DAG_RUN_ID='scheduled__2026-05-10T07:28:00+00:00'
[2026-05-10T07:29:23.286+0000] {taskinstance.py:430} INFO - ::endgroup::
[2026-05-10T07:29:23.333+0000] {connection.py:620} INFO - Snowflake Connector for Python Version: 4.4.0, Python Version: 3.12.4, Platform: Linux-6.6.114.1-microsoft-standard-WSL2-x86_64-with-glibc2.36
[2026-05-10T07:29:23.335+0000] {connection.py:1716} INFO - Connecting to GLOBAL Snowflake domain
[2026-05-10T07:29:26.577+0000] {logging_mixin.py:188} INFO - Uploaded /tmp/minio_downloads/customers_020740414270.parquet -> @customers stage
[2026-05-10T07:29:26.903+0000] {logging_mixin.py:188} INFO - Data loaded into customers
[2026-05-10T07:29:27.160+0000] {logging_mixin.py:188} INFO - Uploaded /tmp/minio_downloads/accounts_020741154863.parquet -> @accounts stage
[2026-05-10T07:29:27.397+0000] {logging_mixin.py:188} INFO - Uploaded /tmp/minio_downloads/accounts_020741267395.parquet -> @accounts stage
[2026-05-10T07:29:27.688+0000] {logging_mixin.py:188} INFO - Data loaded into accounts
[2026-05-10T07:29:27.957+0000] {logging_mixin.py:188} INFO - Uploaded /tmp/minio_downloads/transactions_020741407511.parquet -> @transactions stage
[2026-05-10T07:29:28.197+0000] {logging_mixin.py:188} INFO - Uploaded /tmp/minio_downloads/transactions_020741563869.parquet -> @transactions stage
[2026-05-10T07:29:28.428+0000] {logging_mixin.py:188} INFO - Uploaded /tmp/minio_downloads/transactions_020741686647.parquet -> @transactions stage
[2026-05-10T07:29:28.665+0000] {logging_mixin.py:188} INFO - Uploaded /tmp/minio_downloads/transactions_020741780913.parquet -> @transactions stage
[2026-05-10T07:29:28.901+0000] {logging_mixin.py:188} INFO - Uploaded /tmp/minio_downloads/transactions_020741883026.parquet -> @transactions stage
[2026-05-10T07:29:29.141+0000] {logging_mixin.py:188} INFO - Uploaded /tmp/minio_downloads/transactions_020741993471.parquet -> @transactions stage
[2026-05-10T07:29:29.384+0000] {logging_mixin.py:188} INFO - Uploaded /tmp/minio_downloads/transactions_020742144641.parquet -> @transactions stage
[2026-05-10T07:29:29.671+0000] {logging_mixin.py:188} INFO - Data loaded into transactions
[2026-05-10T07:29:29.891+0000] {python.py:237} INFO - Done. Returned value was: None
[2026-05-10T07:29:29.892+0000] {taskinstance.py:441} INFO - ::group::Post task execution logs
[2026-05-10T07:29:29.910+0000] {taskinstance.py:1206} INFO - Marking task as SUCCESS. dag_id=minio_to_snowflake_banking, task_id=load_snowflake, run_id=scheduled__2026-05-10T07:28:00+00:00, execution_date=20260510T072800, start_date=20260510T072922, end_date=20260510T072929
[2026-05-10T07:29:29.968+0000] {local_task_job_runner.py:243} INFO - Task exited with return code 0
[2026-05-10T07:29:29.994+0000] {taskinstance.py:3503} INFO - 0 downstream tasks scheduled from follow-on schedule check
[2026-05-10T07:29:29.997+0000] {local_task_job_runner.py:222} INFO - ::endgroup::
