[2026-05-10T08:59:39.466+0000] {local_task_job_runner.py:120} INFO - ::group::Pre task execution logs
[2026-05-10T08:59:39.543+0000] {taskinstance.py:2076} INFO - Dependencies all met for dep_context=non-requeueable deps ti=<TaskInstance: SCD2_snapshots.dbt_snapshot scheduled__2026-05-09T00:00:00+00:00 [queued]>
[2026-05-10T08:59:39.562+0000] {taskinstance.py:2076} INFO - Dependencies all met for dep_context=requeueable deps ti=<TaskInstance: SCD2_snapshots.dbt_snapshot scheduled__2026-05-09T00:00:00+00:00 [queued]>
[2026-05-10T08:59:39.564+0000] {taskinstance.py:2306} INFO - Starting attempt 1 of 2
[2026-05-10T08:59:39.589+0000] {taskinstance.py:2330} INFO - Executing <Task(BashOperator): dbt_snapshot> on 2026-05-09 00:00:00+00:00
[2026-05-10T08:59:39.599+0000] {standard_task_runner.py:64} INFO - Started process 815 to run task
[2026-05-10T08:59:39.603+0000] {standard_task_runner.py:90} INFO - Running: ['***', 'tasks', 'run', 'SCD2_snapshots', 'dbt_snapshot', 'scheduled__2026-05-09T00:00:00+00:00', '--job-id', '467', '--raw', '--subdir', 'DAGS_FOLDER/scd_snapshots.py', '--cfg-path', '/tmp/tmpdk69kvg7']
[2026-05-10T08:59:39.606+0000] {standard_task_runner.py:91} INFO - Job 467: Subtask dbt_snapshot
[2026-05-10T08:59:39.719+0000] {task_command.py:426} INFO - Running <TaskInstance: SCD2_snapshots.dbt_snapshot scheduled__2026-05-09T00:00:00+00:00 [running]> on host 783d198cb02d
[2026-05-10T08:59:39.865+0000] {taskinstance.py:2648} INFO - Exporting env vars: AIRFLOW_CTX_DAG_OWNER='***' AIRFLOW_CTX_DAG_ID='SCD2_snapshots' AIRFLOW_CTX_TASK_ID='dbt_snapshot' AIRFLOW_CTX_EXECUTION_DATE='2026-05-09T00:00:00+00:00' AIRFLOW_CTX_TRY_NUMBER='1' AIRFLOW_CTX_DAG_RUN_ID='scheduled__2026-05-09T00:00:00+00:00'
[2026-05-10T08:59:39.869+0000] {taskinstance.py:430} INFO - ::endgroup::
[2026-05-10T08:59:39.914+0000] {subprocess.py:63} INFO - Tmp dir root location: /tmp
[2026-05-10T08:59:39.916+0000] {subprocess.py:75} INFO - Running command: ['/usr/bin/bash', '-c', 'cd /opt/***/banking_dbt && dbt snapshot --profiles-dir /home/***/.dbt']
[2026-05-10T08:59:39.937+0000] {subprocess.py:86} INFO - Output:
[2026-05-10T08:59:45.704+0000] {subprocess.py:93} INFO - [0m08:59:45  Running with dbt=1.11.9
[2026-05-10T08:59:45.737+0000] {subprocess.py:93} INFO - [0m08:59:45  Encountered an error:
[2026-05-10T08:59:45.738+0000] {subprocess.py:93} INFO - Runtime Error
[2026-05-10T08:59:45.739+0000] {subprocess.py:93} INFO -   Could not find profile named 'bandking_dbt'
[2026-05-10T08:59:47.953+0000] {subprocess.py:97} INFO - Command exited with return code 2
[2026-05-10T08:59:47.956+0000] {taskinstance.py:441} INFO - ::group::Post task execution logs
[2026-05-10T08:59:47.980+0000] {taskinstance.py:2905} ERROR - Task failed with exception
Traceback (most recent call last):
  File "/home/airflow/.local/lib/python3.12/site-packages/airflow/models/taskinstance.py", line 465, in _execute_task
    result = _execute_callable(context=context, **execute_callable_kwargs)
             ^^^^^^^^^^^^^^^^^^^^^^^^^^^^^^^^^^^^^^^^^^^^^^^^^^^^^^^^^^^^^
  File "/home/airflow/.local/lib/python3.12/site-packages/airflow/models/taskinstance.py", line 432, in _execute_callable
    return execute_callable(context=context, **execute_callable_kwargs)
           ^^^^^^^^^^^^^^^^^^^^^^^^^^^^^^^^^^^^^^^^^^^^^^^^^^^^^^^^^^^^
  File "/home/airflow/.local/lib/python3.12/site-packages/airflow/models/baseoperator.py", line 401, in wrapper
    return func(self, *args, **kwargs)
           ^^^^^^^^^^^^^^^^^^^^^^^^^^^
  File "/home/airflow/.local/lib/python3.12/site-packages/airflow/operators/bash.py", line 243, in execute
    raise AirflowException(
airflow.exceptions.AirflowException: Bash command failed. The command returned a non-zero exit code 2.
[2026-05-10T08:59:47.991+0000] {taskinstance.py:1206} INFO - Marking task as UP_FOR_RETRY. dag_id=SCD2_snapshots, task_id=dbt_snapshot, run_id=scheduled__2026-05-09T00:00:00+00:00, execution_date=20260509T000000, start_date=20260510T085939, end_date=20260510T085947
[2026-05-10T08:59:48.019+0000] {standard_task_runner.py:110} ERROR - Failed to execute job 467 for task dbt_snapshot (Bash command failed. The command returned a non-zero exit code 2.; 815)
[2026-05-10T08:59:48.048+0000] {local_task_job_runner.py:243} INFO - Task exited with return code 1
[2026-05-10T08:59:48.085+0000] {taskinstance.py:3503} INFO - 0 downstream tasks scheduled from follow-on schedule check
[2026-05-10T08:59:48.090+0000] {local_task_job_runner.py:222} INFO - ::endgroup::
