[2026-05-10T09:01:28.511+0000] {local_task_job_runner.py:120} INFO - ::group::Pre task execution logs
[2026-05-10T09:01:28.554+0000] {taskinstance.py:2076} INFO - Dependencies all met for dep_context=non-requeueable deps ti=<TaskInstance: SCD2_snapshots.dbt_snapshot scheduled__2026-05-09T00:00:00+00:00 [queued]>
[2026-05-10T09:01:28.567+0000] {taskinstance.py:2076} INFO - Dependencies all met for dep_context=requeueable deps ti=<TaskInstance: SCD2_snapshots.dbt_snapshot scheduled__2026-05-09T00:00:00+00:00 [queued]>
[2026-05-10T09:01:28.568+0000] {taskinstance.py:2306} INFO - Starting attempt 2 of 2
[2026-05-10T09:01:28.588+0000] {taskinstance.py:2330} INFO - Executing <Task(BashOperator): dbt_snapshot> on 2026-05-09 00:00:00+00:00
[2026-05-10T09:01:28.596+0000] {standard_task_runner.py:64} INFO - Started process 967 to run task
[2026-05-10T09:01:28.599+0000] {standard_task_runner.py:90} INFO - Running: ['***', 'tasks', 'run', 'SCD2_snapshots', 'dbt_snapshot', 'scheduled__2026-05-09T00:00:00+00:00', '--job-id', '474', '--raw', '--subdir', 'DAGS_FOLDER/scd_snapshots.py', '--cfg-path', '/tmp/tmpxr0elv3l']
[2026-05-10T09:01:28.603+0000] {standard_task_runner.py:91} INFO - Job 474: Subtask dbt_snapshot
[2026-05-10T09:01:28.693+0000] {task_command.py:426} INFO - Running <TaskInstance: SCD2_snapshots.dbt_snapshot scheduled__2026-05-09T00:00:00+00:00 [running]> on host 783d198cb02d
[2026-05-10T09:01:28.817+0000] {taskinstance.py:2648} INFO - Exporting env vars: AIRFLOW_CTX_DAG_OWNER='***' AIRFLOW_CTX_DAG_ID='SCD2_snapshots' AIRFLOW_CTX_TASK_ID='dbt_snapshot' AIRFLOW_CTX_EXECUTION_DATE='2026-05-09T00:00:00+00:00' AIRFLOW_CTX_TRY_NUMBER='2' AIRFLOW_CTX_DAG_RUN_ID='scheduled__2026-05-09T00:00:00+00:00'
[2026-05-10T09:01:28.819+0000] {taskinstance.py:430} INFO - ::endgroup::
[2026-05-10T09:01:28.838+0000] {subprocess.py:63} INFO - Tmp dir root location: /tmp
[2026-05-10T09:01:28.841+0000] {subprocess.py:75} INFO - Running command: ['/usr/bin/bash', '-c', 'cd /opt/***/banking_dbt && dbt snapshot --profiles-dir /home/***/.dbt']
[2026-05-10T09:01:28.862+0000] {subprocess.py:86} INFO - Output:
[2026-05-10T09:01:32.620+0000] {subprocess.py:93} INFO - [0m09:01:32  Running with dbt=1.11.9
[2026-05-10T09:01:32.631+0000] {subprocess.py:93} INFO - [0m09:01:32  Encountered an error:
[2026-05-10T09:01:32.631+0000] {subprocess.py:93} INFO - Runtime Error
[2026-05-10T09:01:32.632+0000] {subprocess.py:93} INFO -   Could not find profile named 'bandking_dbt'
[2026-05-10T09:01:34.468+0000] {subprocess.py:97} INFO - Command exited with return code 2
[2026-05-10T09:01:34.470+0000] {taskinstance.py:441} INFO - ::group::Post task execution logs
[2026-05-10T09:01:34.489+0000] {taskinstance.py:2905} ERROR - Task failed with exception
Traceback (most recent call last):
  File "/home/airflow/.local/lib/python3.12/site-packages/airflow/models/taskinstance.py", line 465, in _execute_task
    result = _execute_callable(context=context, **execute_callable_kwargs)
             ^^^^^^^^^^^^^^^^^^^^^^^^^^^^^^^^^^^^^^^^^^^^^^^^^^^^^^^^^^^^^
  File "/home/airflow/.local/lib/python3.12/site-packages/airflow/models/taskinstance.py", line 432, in _execute_callable
    return execute_callable(context=context, **execute_callable_kwargs)
           ^^^^^^^^^^^^^^^^^^^^^^^^^^^^^^^^^^^^^^^^^^^^^^^^^^^^^^^^^^^^
  File "/home/airflow/.local/lib/python3.12/site-packages/airflow/models/baseoperator.py", line 401, in wrapper
    return func(self, *args, **kwargs)
           ^^^^^^^^^^^^^^^^^^^^^^^^^^^
  File "/home/airflow/.local/lib/python3.12/site-packages/airflow/operators/bash.py", line 243, in execute
    raise AirflowException(
airflow.exceptions.AirflowException: Bash command failed. The command returned a non-zero exit code 2.
[2026-05-10T09:01:34.496+0000] {taskinstance.py:1206} INFO - Marking task as FAILED. dag_id=SCD2_snapshots, task_id=dbt_snapshot, run_id=scheduled__2026-05-09T00:00:00+00:00, execution_date=20260509T000000, start_date=20260510T090128, end_date=20260510T090134
[2026-05-10T09:01:34.514+0000] {standard_task_runner.py:110} ERROR - Failed to execute job 474 for task dbt_snapshot (Bash command failed. The command returned a non-zero exit code 2.; 967)
[2026-05-10T09:01:34.544+0000] {local_task_job_runner.py:243} INFO - Task exited with return code 1
[2026-05-10T09:01:34.571+0000] {taskinstance.py:3503} INFO - 0 downstream tasks scheduled from follow-on schedule check
[2026-05-10T09:01:34.575+0000] {local_task_job_runner.py:222} INFO - ::endgroup::
