[2026-05-10T08:01:07.023+0000] {local_task_job_runner.py:120} INFO - ::group::Pre task execution logs
[2026-05-10T08:01:07.084+0000] {taskinstance.py:2076} INFO - Dependencies all met for dep_context=non-requeueable deps ti=<TaskInstance: minio_to_snowflake_banking.download_minio scheduled__2026-05-10T08:00:00+00:00 [queued]>
[2026-05-10T08:01:07.102+0000] {taskinstance.py:2076} INFO - Dependencies all met for dep_context=requeueable deps ti=<TaskInstance: minio_to_snowflake_banking.download_minio scheduled__2026-05-10T08:00:00+00:00 [queued]>
[2026-05-10T08:01:07.103+0000] {taskinstance.py:2306} INFO - Starting attempt 1 of 2
[2026-05-10T08:01:07.124+0000] {taskinstance.py:2330} INFO - Executing <Task(PythonOperator): download_minio> on 2026-05-10 08:00:00+00:00
[2026-05-10T08:01:07.154+0000] {logging_mixin.py:188} WARNING - /home/***/.local/lib/python3.12/site-packages/***/task/task_runner/standard_task_runner.py:62 DeprecationWarning: This process (pid=4780) is multi-threaded, use of fork() may lead to deadlocks in the child.
[2026-05-10T08:01:07.149+0000] {standard_task_runner.py:90} INFO - Running: ['***', 'tasks', 'run', 'minio_to_snowflake_banking', 'download_minio', 'scheduled__2026-05-10T08:00:00+00:00', '--job-id', '350', '--raw', '--subdir', 'DAGS_FOLDER/minio_to_snowflake_dag.py', '--cfg-path', '/tmp/tmp7ettaght']
[2026-05-10T08:01:07.155+0000] {standard_task_runner.py:64} INFO - Started process 4791 to run task
[2026-05-10T08:01:07.156+0000] {standard_task_runner.py:91} INFO - Job 350: Subtask download_minio
[2026-05-10T08:01:07.298+0000] {task_command.py:426} INFO - Running <TaskInstance: minio_to_snowflake_banking.download_minio scheduled__2026-05-10T08:00:00+00:00 [running]> on host 4a45957ba20f
[2026-05-10T08:01:07.481+0000] {taskinstance.py:2648} INFO - Exporting env vars: AIRFLOW_CTX_DAG_OWNER='***' AIRFLOW_CTX_DAG_ID='minio_to_snowflake_banking' AIRFLOW_CTX_TASK_ID='download_minio' AIRFLOW_CTX_EXECUTION_DATE='2026-05-10T08:00:00+00:00' AIRFLOW_CTX_TRY_NUMBER='1' AIRFLOW_CTX_DAG_RUN_ID='scheduled__2026-05-10T08:00:00+00:00'
[2026-05-10T08:01:07.484+0000] {taskinstance.py:430} INFO - ::endgroup::
[2026-05-10T08:01:08.655+0000] {logging_mixin.py:188} INFO - Downloaded customers/date=2026-05-10/customers_020740414270.parquet -> /tmp/minio_downloads/customers_020740414270.parquet
[2026-05-10T08:01:08.739+0000] {logging_mixin.py:188} INFO - Downloaded accounts/date=2026-05-10/accounts_020741154863.parquet -> /tmp/minio_downloads/accounts_020741154863.parquet
[2026-05-10T08:01:08.775+0000] {logging_mixin.py:188} INFO - Downloaded accounts/date=2026-05-10/accounts_020741267395.parquet -> /tmp/minio_downloads/accounts_020741267395.parquet
[2026-05-10T08:01:08.915+0000] {logging_mixin.py:188} INFO - Downloaded transactions/date=2026-05-10/transactions_020741407511.parquet -> /tmp/minio_downloads/transactions_020741407511.parquet
[2026-05-10T08:01:08.953+0000] {logging_mixin.py:188} INFO - Downloaded transactions/date=2026-05-10/transactions_020741563869.parquet -> /tmp/minio_downloads/transactions_020741563869.parquet
[2026-05-10T08:01:08.996+0000] {logging_mixin.py:188} INFO - Downloaded transactions/date=2026-05-10/transactions_020741686647.parquet -> /tmp/minio_downloads/transactions_020741686647.parquet
[2026-05-10T08:01:09.072+0000] {logging_mixin.py:188} INFO - Downloaded transactions/date=2026-05-10/transactions_020741780913.parquet -> /tmp/minio_downloads/transactions_020741780913.parquet
[2026-05-10T08:01:09.145+0000] {logging_mixin.py:188} INFO - Downloaded transactions/date=2026-05-10/transactions_020741883026.parquet -> /tmp/minio_downloads/transactions_020741883026.parquet
[2026-05-10T08:01:09.234+0000] {logging_mixin.py:188} INFO - Downloaded transactions/date=2026-05-10/transactions_020741993471.parquet -> /tmp/minio_downloads/transactions_020741993471.parquet
[2026-05-10T08:01:09.302+0000] {logging_mixin.py:188} INFO - Downloaded transactions/date=2026-05-10/transactions_020742144641.parquet -> /tmp/minio_downloads/transactions_020742144641.parquet
[2026-05-10T08:01:09.305+0000] {python.py:237} INFO - Done. Returned value was: {'customers': ['/tmp/minio_downloads/customers_020740414270.parquet'], 'accounts': ['/tmp/minio_downloads/accounts_020741154863.parquet', '/tmp/minio_downloads/accounts_020741267395.parquet'], 'transactions': ['/tmp/minio_downloads/transactions_020741407511.parquet', '/tmp/minio_downloads/transactions_020741563869.parquet', '/tmp/minio_downloads/transactions_020741686647.parquet', '/tmp/minio_downloads/transactions_020741780913.parquet', '/tmp/minio_downloads/transactions_020741883026.parquet', '/tmp/minio_downloads/transactions_020741993471.parquet', '/tmp/minio_downloads/transactions_020742144641.parquet']}
[2026-05-10T08:01:09.307+0000] {taskinstance.py:441} INFO - ::group::Post task execution logs
[2026-05-10T08:01:09.369+0000] {taskinstance.py:1206} INFO - Marking task as SUCCESS. dag_id=minio_to_snowflake_banking, task_id=download_minio, run_id=scheduled__2026-05-10T08:00:00+00:00, execution_date=20260510T080000, start_date=20260510T080107, end_date=20260510T080109
[2026-05-10T08:01:09.467+0000] {local_task_job_runner.py:243} INFO - Task exited with return code 0
[2026-05-10T08:01:09.505+0000] {taskinstance.py:3503} INFO - 1 downstream tasks scheduled from follow-on schedule check
[2026-05-10T08:01:09.509+0000] {local_task_job_runner.py:222} INFO - ::endgroup::
