[2026-05-10T07:14:19.744+0000] {local_task_job_runner.py:120} INFO - ::group::Pre task execution logs
[2026-05-10T07:14:19.809+0000] {taskinstance.py:2076} INFO - Dependencies all met for dep_context=non-requeueable deps ti=<TaskInstance: minio_to_snowflake_banking.load_snowflake scheduled__2026-05-10T07:13:00+00:00 [queued]>
[2026-05-10T07:14:19.822+0000] {taskinstance.py:2076} INFO - Dependencies all met for dep_context=requeueable deps ti=<TaskInstance: minio_to_snowflake_banking.load_snowflake scheduled__2026-05-10T07:13:00+00:00 [queued]>
[2026-05-10T07:14:19.823+0000] {taskinstance.py:2306} INFO - Starting attempt 1 of 2
[2026-05-10T07:14:19.841+0000] {taskinstance.py:2330} INFO - Executing <Task(PythonOperator): load_snowflake> on 2026-05-10 07:13:00+00:00
[2026-05-10T07:14:19.854+0000] {standard_task_runner.py:90} INFO - Running: ['***', 'tasks', 'run', 'minio_to_snowflake_banking', 'load_snowflake', 'scheduled__2026-05-10T07:13:00+00:00', '--job-id', '257', '--raw', '--subdir', 'DAGS_FOLDER/minio_to_snowflake_dag.py', '--cfg-path', '/tmp/tmpwjpzp77q']
[2026-05-10T07:14:19.858+0000] {standard_task_runner.py:91} INFO - Job 257: Subtask load_snowflake
[2026-05-10T07:14:19.858+0000] {logging_mixin.py:188} WARNING - /home/***/.local/lib/python3.12/site-packages/***/task/task_runner/standard_task_runner.py:62 DeprecationWarning: This process (pid=1661) is multi-threaded, use of fork() may lead to deadlocks in the child.
[2026-05-10T07:14:19.859+0000] {standard_task_runner.py:64} INFO - Started process 1676 to run task
[2026-05-10T07:14:19.953+0000] {task_command.py:426} INFO - Running <TaskInstance: minio_to_snowflake_banking.load_snowflake scheduled__2026-05-10T07:13:00+00:00 [running]> on host 4a45957ba20f
[2026-05-10T07:14:20.080+0000] {taskinstance.py:2648} INFO - Exporting env vars: AIRFLOW_CTX_DAG_OWNER='***' AIRFLOW_CTX_DAG_ID='minio_to_snowflake_banking' AIRFLOW_CTX_TASK_ID='load_snowflake' AIRFLOW_CTX_EXECUTION_DATE='2026-05-10T07:13:00+00:00' AIRFLOW_CTX_TRY_NUMBER='1' AIRFLOW_CTX_DAG_RUN_ID='scheduled__2026-05-10T07:13:00+00:00'
[2026-05-10T07:14:20.082+0000] {taskinstance.py:430} INFO - ::endgroup::
[2026-05-10T07:14:20.129+0000] {connection.py:620} INFO - Snowflake Connector for Python Version: 4.4.0, Python Version: 3.12.4, Platform: Linux-6.6.114.1-microsoft-standard-WSL2-x86_64-with-glibc2.36
[2026-05-10T07:14:20.131+0000] {connection.py:1716} INFO - Connecting to GLOBAL Snowflake domain
[2026-05-10T07:14:23.326+0000] {logging_mixin.py:188} INFO - Uploaded /tmp/minio_downloads/customers_020740414270.parquet -> @customers stage
[2026-05-10T07:14:23.716+0000] {logging_mixin.py:188} INFO - Data loaded into customers
[2026-05-10T07:14:24.110+0000] {logging_mixin.py:188} INFO - Uploaded /tmp/minio_downloads/accounts_020741154863.parquet -> @accounts stage
[2026-05-10T07:14:24.402+0000] {logging_mixin.py:188} INFO - Uploaded /tmp/minio_downloads/accounts_020741267395.parquet -> @accounts stage
[2026-05-10T07:14:24.743+0000] {logging_mixin.py:188} INFO - Data loaded into accounts
[2026-05-10T07:14:25.006+0000] {logging_mixin.py:188} INFO - Uploaded /tmp/minio_downloads/transactions_020741407511.parquet -> @transactions stage
[2026-05-10T07:14:25.227+0000] {logging_mixin.py:188} INFO - Uploaded /tmp/minio_downloads/transactions_020741563869.parquet -> @transactions stage
[2026-05-10T07:14:25.439+0000] {logging_mixin.py:188} INFO - Uploaded /tmp/minio_downloads/transactions_020741686647.parquet -> @transactions stage
[2026-05-10T07:14:25.670+0000] {logging_mixin.py:188} INFO - Uploaded /tmp/minio_downloads/transactions_020741780913.parquet -> @transactions stage
[2026-05-10T07:14:25.887+0000] {logging_mixin.py:188} INFO - Uploaded /tmp/minio_downloads/transactions_020741883026.parquet -> @transactions stage
[2026-05-10T07:14:26.107+0000] {logging_mixin.py:188} INFO - Uploaded /tmp/minio_downloads/transactions_020741993471.parquet -> @transactions stage
[2026-05-10T07:14:26.331+0000] {logging_mixin.py:188} INFO - Uploaded /tmp/minio_downloads/transactions_020742144641.parquet -> @transactions stage
[2026-05-10T07:14:26.603+0000] {logging_mixin.py:188} INFO - Data loaded into transactions
[2026-05-10T07:14:26.798+0000] {python.py:237} INFO - Done. Returned value was: None
[2026-05-10T07:14:26.799+0000] {taskinstance.py:441} INFO - ::group::Post task execution logs
[2026-05-10T07:14:26.820+0000] {taskinstance.py:1206} INFO - Marking task as SUCCESS. dag_id=minio_to_snowflake_banking, task_id=load_snowflake, run_id=scheduled__2026-05-10T07:13:00+00:00, execution_date=20260510T071300, start_date=20260510T071419, end_date=20260510T071426
[2026-05-10T07:14:26.906+0000] {local_task_job_runner.py:243} INFO - Task exited with return code 0
[2026-05-10T07:14:26.939+0000] {taskinstance.py:3503} INFO - 0 downstream tasks scheduled from follow-on schedule check
[2026-05-10T07:14:26.942+0000] {local_task_job_runner.py:222} INFO - ::endgroup::
