[2026-05-10T08:19:18.978+0000] {local_task_job_runner.py:120} INFO - ::group::Pre task execution logs
[2026-05-10T08:19:19.025+0000] {taskinstance.py:2076} INFO - Dependencies all met for dep_context=non-requeueable deps ti=<TaskInstance: minio_to_snowflake_banking.load_snowflake scheduled__2026-05-10T08:18:00+00:00 [queued]>
[2026-05-10T08:19:19.040+0000] {taskinstance.py:2076} INFO - Dependencies all met for dep_context=requeueable deps ti=<TaskInstance: minio_to_snowflake_banking.load_snowflake scheduled__2026-05-10T08:18:00+00:00 [queued]>
[2026-05-10T08:19:19.041+0000] {taskinstance.py:2306} INFO - Starting attempt 1 of 2
[2026-05-10T08:19:19.060+0000] {taskinstance.py:2330} INFO - Executing <Task(PythonOperator): load_snowflake> on 2026-05-10 08:18:00+00:00
[2026-05-10T08:19:19.079+0000] {standard_task_runner.py:90} INFO - Running: ['***', 'tasks', 'run', 'minio_to_snowflake_banking', 'load_snowflake', 'scheduled__2026-05-10T08:18:00+00:00', '--job-id', '387', '--raw', '--subdir', 'DAGS_FOLDER/minio_to_snowflake_dag.py', '--cfg-path', '/tmp/tmp2vzvghpq']
[2026-05-10T08:19:19.084+0000] {standard_task_runner.py:91} INFO - Job 387: Subtask load_snowflake
[2026-05-10T08:19:19.095+0000] {logging_mixin.py:188} WARNING - /home/***/.local/lib/python3.12/site-packages/***/task/task_runner/standard_task_runner.py:62 DeprecationWarning: This process (pid=6021) is multi-threaded, use of fork() may lead to deadlocks in the child.
[2026-05-10T08:19:19.098+0000] {standard_task_runner.py:64} INFO - Started process 6033 to run task
[2026-05-10T08:19:19.197+0000] {task_command.py:426} INFO - Running <TaskInstance: minio_to_snowflake_banking.load_snowflake scheduled__2026-05-10T08:18:00+00:00 [running]> on host 4a45957ba20f
[2026-05-10T08:19:19.352+0000] {taskinstance.py:2648} INFO - Exporting env vars: AIRFLOW_CTX_DAG_OWNER='***' AIRFLOW_CTX_DAG_ID='minio_to_snowflake_banking' AIRFLOW_CTX_TASK_ID='load_snowflake' AIRFLOW_CTX_EXECUTION_DATE='2026-05-10T08:18:00+00:00' AIRFLOW_CTX_TRY_NUMBER='1' AIRFLOW_CTX_DAG_RUN_ID='scheduled__2026-05-10T08:18:00+00:00'
[2026-05-10T08:19:19.355+0000] {taskinstance.py:430} INFO - ::endgroup::
[2026-05-10T08:19:19.409+0000] {connection.py:620} INFO - Snowflake Connector for Python Version: 4.4.0, Python Version: 3.12.4, Platform: Linux-6.6.114.1-microsoft-standard-WSL2-x86_64-with-glibc2.36
[2026-05-10T08:19:19.412+0000] {connection.py:1716} INFO - Connecting to GLOBAL Snowflake domain
[2026-05-10T08:19:22.755+0000] {logging_mixin.py:188} INFO - Uploaded /tmp/minio_downloads/customers_020740414270.parquet -> @customers stage
[2026-05-10T08:19:23.094+0000] {logging_mixin.py:188} INFO - Data loaded into customers
[2026-05-10T08:19:23.412+0000] {logging_mixin.py:188} INFO - Uploaded /tmp/minio_downloads/accounts_020741154863.parquet -> @accounts stage
[2026-05-10T08:19:23.663+0000] {logging_mixin.py:188} INFO - Uploaded /tmp/minio_downloads/accounts_020741267395.parquet -> @accounts stage
[2026-05-10T08:19:23.952+0000] {logging_mixin.py:188} INFO - Data loaded into accounts
[2026-05-10T08:19:24.231+0000] {logging_mixin.py:188} INFO - Uploaded /tmp/minio_downloads/transactions_020741407511.parquet -> @transactions stage
[2026-05-10T08:19:24.481+0000] {logging_mixin.py:188} INFO - Uploaded /tmp/minio_downloads/transactions_020741563869.parquet -> @transactions stage
[2026-05-10T08:19:24.732+0000] {logging_mixin.py:188} INFO - Uploaded /tmp/minio_downloads/transactions_020741686647.parquet -> @transactions stage
[2026-05-10T08:19:24.987+0000] {logging_mixin.py:188} INFO - Uploaded /tmp/minio_downloads/transactions_020741780913.parquet -> @transactions stage
[2026-05-10T08:19:25.237+0000] {logging_mixin.py:188} INFO - Uploaded /tmp/minio_downloads/transactions_020741883026.parquet -> @transactions stage
[2026-05-10T08:19:25.490+0000] {logging_mixin.py:188} INFO - Uploaded /tmp/minio_downloads/transactions_020741993471.parquet -> @transactions stage
[2026-05-10T08:19:25.737+0000] {logging_mixin.py:188} INFO - Uploaded /tmp/minio_downloads/transactions_020742144641.parquet -> @transactions stage
[2026-05-10T08:19:26.027+0000] {logging_mixin.py:188} INFO - Data loaded into transactions
[2026-05-10T08:19:26.248+0000] {python.py:237} INFO - Done. Returned value was: None
[2026-05-10T08:19:26.249+0000] {taskinstance.py:441} INFO - ::group::Post task execution logs
[2026-05-10T08:19:26.268+0000] {taskinstance.py:1206} INFO - Marking task as SUCCESS. dag_id=minio_to_snowflake_banking, task_id=load_snowflake, run_id=scheduled__2026-05-10T08:18:00+00:00, execution_date=20260510T081800, start_date=20260510T081919, end_date=20260510T081926
[2026-05-10T08:19:26.348+0000] {local_task_job_runner.py:243} INFO - Task exited with return code 0
[2026-05-10T08:19:26.378+0000] {taskinstance.py:3503} INFO - 0 downstream tasks scheduled from follow-on schedule check
[2026-05-10T08:19:26.382+0000] {local_task_job_runner.py:222} INFO - ::endgroup::
