[2026-05-09T19:25:14.955+0000] {local_task_job_runner.py:120} INFO - ::group::Pre task execution logs
[2026-05-09T19:25:15.013+0000] {taskinstance.py:2076} INFO - Dependencies all met for dep_context=non-requeueable deps ti=<TaskInstance: minio_to_snowflake_banking.load_snowflake scheduled__2026-05-09T19:24:00+00:00 [queued]>
[2026-05-09T19:25:15.026+0000] {taskinstance.py:2076} INFO - Dependencies all met for dep_context=requeueable deps ti=<TaskInstance: minio_to_snowflake_banking.load_snowflake scheduled__2026-05-09T19:24:00+00:00 [queued]>
[2026-05-09T19:25:15.028+0000] {taskinstance.py:2306} INFO - Starting attempt 1 of 2
[2026-05-09T19:25:15.045+0000] {taskinstance.py:2330} INFO - Executing <Task(PythonOperator): load_snowflake> on 2026-05-09 19:24:00+00:00
[2026-05-09T19:25:15.060+0000] {standard_task_runner.py:90} INFO - Running: ['***', 'tasks', 'run', 'minio_to_snowflake_banking', 'load_snowflake', 'scheduled__2026-05-09T19:24:00+00:00', '--job-id', '46', '--raw', '--subdir', 'DAGS_FOLDER/minio_to_snowflake_dag.py', '--cfg-path', '/tmp/tmp05r1sl60']
[2026-05-09T19:25:15.064+0000] {logging_mixin.py:188} WARNING - /home/***/.local/lib/python3.12/site-packages/***/task/task_runner/standard_task_runner.py:62 DeprecationWarning: This process (pid=1710) is multi-threaded, use of fork() may lead to deadlocks in the child.
[2026-05-09T19:25:15.065+0000] {standard_task_runner.py:91} INFO - Job 46: Subtask load_snowflake
[2026-05-09T19:25:15.066+0000] {standard_task_runner.py:64} INFO - Started process 1725 to run task
[2026-05-09T19:25:15.181+0000] {task_command.py:426} INFO - Running <TaskInstance: minio_to_snowflake_banking.load_snowflake scheduled__2026-05-09T19:24:00+00:00 [running]> on host 199caa4af8ee
[2026-05-09T19:25:15.318+0000] {taskinstance.py:2648} INFO - Exporting env vars: AIRFLOW_CTX_DAG_OWNER='***' AIRFLOW_CTX_DAG_ID='minio_to_snowflake_banking' AIRFLOW_CTX_TASK_ID='load_snowflake' AIRFLOW_CTX_EXECUTION_DATE='2026-05-09T19:24:00+00:00' AIRFLOW_CTX_TRY_NUMBER='1' AIRFLOW_CTX_DAG_RUN_ID='scheduled__2026-05-09T19:24:00+00:00'
[2026-05-09T19:25:15.320+0000] {taskinstance.py:430} INFO - ::endgroup::
[2026-05-09T19:25:15.353+0000] {connection.py:620} INFO - Snowflake Connector for Python Version: 4.4.0, Python Version: 3.12.4, Platform: Linux-6.6.114.1-microsoft-standard-WSL2-x86_64-with-glibc2.36
[2026-05-09T19:25:15.355+0000] {connection.py:1716} INFO - Connecting to GLOBAL Snowflake domain
[2026-05-09T19:25:17.245+0000] {logging_mixin.py:188} INFO - No files for customers, skipping.
[2026-05-09T19:25:17.253+0000] {logging_mixin.py:188} INFO - No files for accounts, skipping.
[2026-05-09T19:25:17.254+0000] {logging_mixin.py:188} INFO - No files for transactions, skipping.
[2026-05-09T19:25:17.572+0000] {python.py:237} INFO - Done. Returned value was: None
[2026-05-09T19:25:17.573+0000] {taskinstance.py:441} INFO - ::group::Post task execution logs
[2026-05-09T19:25:17.598+0000] {taskinstance.py:1206} INFO - Marking task as SUCCESS. dag_id=minio_to_snowflake_banking, task_id=load_snowflake, run_id=scheduled__2026-05-09T19:24:00+00:00, execution_date=20260509T192400, start_date=20260509T192515, end_date=20260509T192517
[2026-05-09T19:25:17.656+0000] {local_task_job_runner.py:243} INFO - Task exited with return code 0
[2026-05-09T19:25:17.684+0000] {taskinstance.py:3503} INFO - 0 downstream tasks scheduled from follow-on schedule check
[2026-05-09T19:25:17.687+0000] {local_task_job_runner.py:222} INFO - ::endgroup::
