[2026-05-09T20:52:09.736+0000] {local_task_job_runner.py:120} INFO - ::group::Pre task execution logs
[2026-05-09T20:52:09.820+0000] {taskinstance.py:2076} INFO - Dependencies all met for dep_context=non-requeueable deps ti=<TaskInstance: minio_to_snowflake_banking.download_minio scheduled__2026-05-09T20:51:00+00:00 [queued]>
[2026-05-09T20:52:09.837+0000] {taskinstance.py:2076} INFO - Dependencies all met for dep_context=requeueable deps ti=<TaskInstance: minio_to_snowflake_banking.download_minio scheduled__2026-05-09T20:51:00+00:00 [queued]>
[2026-05-09T20:52:09.839+0000] {taskinstance.py:2306} INFO - Starting attempt 1 of 2
[2026-05-09T20:52:09.860+0000] {taskinstance.py:2330} INFO - Executing <Task(PythonOperator): download_minio> on 2026-05-09 20:51:00+00:00
[2026-05-09T20:52:09.879+0000] {standard_task_runner.py:90} INFO - Running: ['***', 'tasks', 'run', 'minio_to_snowflake_banking', 'download_minio', 'scheduled__2026-05-09T20:51:00+00:00', '--job-id', '201', '--raw', '--subdir', 'DAGS_FOLDER/minio_to_snowflake_dag.py', '--cfg-path', '/tmp/tmpfyzgcv_z']
[2026-05-09T20:52:09.884+0000] {standard_task_runner.py:91} INFO - Job 201: Subtask download_minio
[2026-05-09T20:52:09.885+0000] {logging_mixin.py:188} WARNING - /home/***/.local/lib/python3.12/site-packages/***/task/task_runner/standard_task_runner.py:62 DeprecationWarning: This process (pid=1082) is multi-threaded, use of fork() may lead to deadlocks in the child.
[2026-05-09T20:52:09.887+0000] {standard_task_runner.py:64} INFO - Started process 1097 to run task
[2026-05-09T20:52:10.022+0000] {task_command.py:426} INFO - Running <TaskInstance: minio_to_snowflake_banking.download_minio scheduled__2026-05-09T20:51:00+00:00 [running]> on host 04688b7f1a50
[2026-05-09T20:52:10.234+0000] {taskinstance.py:2648} INFO - Exporting env vars: AIRFLOW_CTX_DAG_OWNER='***' AIRFLOW_CTX_DAG_ID='minio_to_snowflake_banking' AIRFLOW_CTX_TASK_ID='download_minio' AIRFLOW_CTX_EXECUTION_DATE='2026-05-09T20:51:00+00:00' AIRFLOW_CTX_TRY_NUMBER='1' AIRFLOW_CTX_DAG_RUN_ID='scheduled__2026-05-09T20:51:00+00:00'
[2026-05-09T20:52:10.236+0000] {taskinstance.py:430} INFO - ::endgroup::
[2026-05-09T20:52:11.396+0000] {logging_mixin.py:188} INFO - Downloaded customers/date=2026-05-10/customers_020740414270.parquet -> /tmp/minio_downloads/customers_020740414270.parquet
[2026-05-09T20:52:11.490+0000] {logging_mixin.py:188} INFO - Downloaded accounts/date=2026-05-10/accounts_020741154863.parquet -> /tmp/minio_downloads/accounts_020741154863.parquet
[2026-05-09T20:52:11.531+0000] {logging_mixin.py:188} INFO - Downloaded accounts/date=2026-05-10/accounts_020741267395.parquet -> /tmp/minio_downloads/accounts_020741267395.parquet
[2026-05-09T20:52:11.703+0000] {logging_mixin.py:188} INFO - Downloaded transactions/date=2026-05-10/transactions_020741407511.parquet -> /tmp/minio_downloads/transactions_020741407511.parquet
[2026-05-09T20:52:11.751+0000] {logging_mixin.py:188} INFO - Downloaded transactions/date=2026-05-10/transactions_020741563869.parquet -> /tmp/minio_downloads/transactions_020741563869.parquet
[2026-05-09T20:52:11.790+0000] {logging_mixin.py:188} INFO - Downloaded transactions/date=2026-05-10/transactions_020741686647.parquet -> /tmp/minio_downloads/transactions_020741686647.parquet
[2026-05-09T20:52:11.830+0000] {logging_mixin.py:188} INFO - Downloaded transactions/date=2026-05-10/transactions_020741780913.parquet -> /tmp/minio_downloads/transactions_020741780913.parquet
[2026-05-09T20:52:11.872+0000] {logging_mixin.py:188} INFO - Downloaded transactions/date=2026-05-10/transactions_020741883026.parquet -> /tmp/minio_downloads/transactions_020741883026.parquet
[2026-05-09T20:52:11.911+0000] {logging_mixin.py:188} INFO - Downloaded transactions/date=2026-05-10/transactions_020741993471.parquet -> /tmp/minio_downloads/transactions_020741993471.parquet
[2026-05-09T20:52:11.959+0000] {logging_mixin.py:188} INFO - Downloaded transactions/date=2026-05-10/transactions_020742144641.parquet -> /tmp/minio_downloads/transactions_020742144641.parquet
[2026-05-09T20:52:11.962+0000] {python.py:237} INFO - Done. Returned value was: {'customers': ['/tmp/minio_downloads/customers_020740414270.parquet'], 'accounts': ['/tmp/minio_downloads/accounts_020741154863.parquet', '/tmp/minio_downloads/accounts_020741267395.parquet'], 'transactions': ['/tmp/minio_downloads/transactions_020741407511.parquet', '/tmp/minio_downloads/transactions_020741563869.parquet', '/tmp/minio_downloads/transactions_020741686647.parquet', '/tmp/minio_downloads/transactions_020741780913.parquet', '/tmp/minio_downloads/transactions_020741883026.parquet', '/tmp/minio_downloads/transactions_020741993471.parquet', '/tmp/minio_downloads/transactions_020742144641.parquet']}
[2026-05-09T20:52:11.964+0000] {taskinstance.py:441} INFO - ::group::Post task execution logs
[2026-05-09T20:52:12.016+0000] {taskinstance.py:1206} INFO - Marking task as SUCCESS. dag_id=minio_to_snowflake_banking, task_id=download_minio, run_id=scheduled__2026-05-09T20:51:00+00:00, execution_date=20260509T205100, start_date=20260509T205209, end_date=20260509T205212
[2026-05-09T20:52:12.078+0000] {local_task_job_runner.py:243} INFO - Task exited with return code 0
[2026-05-09T20:52:12.118+0000] {taskinstance.py:3503} INFO - 1 downstream tasks scheduled from follow-on schedule check
[2026-05-09T20:52:12.124+0000] {local_task_job_runner.py:222} INFO - ::endgroup::
