[2026-05-09T19:16:06.894+0000] {local_task_job_runner.py:120} INFO - ::group::Pre task execution logs
[2026-05-09T19:16:06.964+0000] {taskinstance.py:2076} INFO - Dependencies all met for dep_context=non-requeueable deps ti=<TaskInstance: minio_to_snowflake_banking.download_minio scheduled__2026-05-09T19:15:00+00:00 [queued]>
[2026-05-09T19:16:06.981+0000] {taskinstance.py:2076} INFO - Dependencies all met for dep_context=requeueable deps ti=<TaskInstance: minio_to_snowflake_banking.download_minio scheduled__2026-05-09T19:15:00+00:00 [queued]>
[2026-05-09T19:16:06.982+0000] {taskinstance.py:2306} INFO - Starting attempt 1 of 2
[2026-05-09T19:16:06.999+0000] {taskinstance.py:2330} INFO - Executing <Task(PythonOperator): download_minio> on 2026-05-09 19:15:00+00:00
[2026-05-09T19:16:07.014+0000] {standard_task_runner.py:90} INFO - Running: ['***', 'tasks', 'run', 'minio_to_snowflake_banking', 'download_minio', 'scheduled__2026-05-09T19:15:00+00:00', '--job-id', '27', '--raw', '--subdir', 'DAGS_FOLDER/minio_to_snowflake_dag.py', '--cfg-path', '/tmp/tmpcvpyv_av']
[2026-05-09T19:16:07.020+0000] {standard_task_runner.py:91} INFO - Job 27: Subtask download_minio
[2026-05-09T19:16:07.020+0000] {logging_mixin.py:188} WARNING - /home/***/.local/lib/python3.12/site-packages/***/task/task_runner/standard_task_runner.py:62 DeprecationWarning: This process (pid=1128) is multi-threaded, use of fork() may lead to deadlocks in the child.
[2026-05-09T19:16:07.026+0000] {standard_task_runner.py:64} INFO - Started process 1143 to run task
[2026-05-09T19:16:07.146+0000] {task_command.py:426} INFO - Running <TaskInstance: minio_to_snowflake_banking.download_minio scheduled__2026-05-09T19:15:00+00:00 [running]> on host 199caa4af8ee
[2026-05-09T19:16:07.281+0000] {taskinstance.py:2648} INFO - Exporting env vars: AIRFLOW_CTX_DAG_OWNER='***' AIRFLOW_CTX_DAG_ID='minio_to_snowflake_banking' AIRFLOW_CTX_TASK_ID='download_minio' AIRFLOW_CTX_EXECUTION_DATE='2026-05-09T19:15:00+00:00' AIRFLOW_CTX_TRY_NUMBER='1' AIRFLOW_CTX_DAG_RUN_ID='scheduled__2026-05-09T19:15:00+00:00'
[2026-05-09T19:16:07.283+0000] {taskinstance.py:430} INFO - ::endgroup::
[2026-05-09T19:16:08.404+0000] {logging_mixin.py:188} INFO - Downloaded customers/date=2026-05-09/customers_232145724825.parquet -> /tmp/minio_downloads/customers_232145724825.parquet
[2026-05-09T19:16:08.464+0000] {logging_mixin.py:188} INFO - Downloaded accounts/date=2026-05-09/accounts_232145838532.parquet -> /tmp/minio_downloads/accounts_232145838532.parquet
[2026-05-09T19:16:08.484+0000] {logging_mixin.py:188} INFO - Downloaded accounts/date=2026-05-09/accounts_232146030358.parquet -> /tmp/minio_downloads/accounts_232146030358.parquet
[2026-05-09T19:16:08.511+0000] {logging_mixin.py:188} INFO - Downloaded accounts/date=2026-05-09/accounts_232146146622.parquet -> /tmp/minio_downloads/accounts_232146146622.parquet
[2026-05-09T19:16:08.608+0000] {logging_mixin.py:188} INFO - Downloaded transactions/date=2026-05-09/transactions_232144994219.parquet -> /tmp/minio_downloads/transactions_232144994219.parquet
[2026-05-09T19:16:08.630+0000] {logging_mixin.py:188} INFO - Downloaded transactions/date=2026-05-09/transactions_232145115992.parquet -> /tmp/minio_downloads/transactions_232145115992.parquet
[2026-05-09T19:16:08.652+0000] {logging_mixin.py:188} INFO - Downloaded transactions/date=2026-05-09/transactions_232145217076.parquet -> /tmp/minio_downloads/transactions_232145217076.parquet
[2026-05-09T19:16:08.675+0000] {logging_mixin.py:188} INFO - Downloaded transactions/date=2026-05-09/transactions_232145332258.parquet -> /tmp/minio_downloads/transactions_232145332258.parquet
[2026-05-09T19:16:08.699+0000] {logging_mixin.py:188} INFO - Downloaded transactions/date=2026-05-09/transactions_232145455177.parquet -> /tmp/minio_downloads/transactions_232145455177.parquet
[2026-05-09T19:16:08.723+0000] {logging_mixin.py:188} INFO - Downloaded transactions/date=2026-05-09/transactions_232145591080.parquet -> /tmp/minio_downloads/transactions_232145591080.parquet
[2026-05-09T19:16:08.747+0000] {logging_mixin.py:188} INFO - Downloaded transactions/date=2026-05-09/transactions_232146418397.parquet -> /tmp/minio_downloads/transactions_232146418397.parquet
[2026-05-09T19:16:08.770+0000] {logging_mixin.py:188} INFO - Downloaded transactions/date=2026-05-09/transactions_232146551497.parquet -> /tmp/minio_downloads/transactions_232146551497.parquet
[2026-05-09T19:16:08.793+0000] {logging_mixin.py:188} INFO - Downloaded transactions/date=2026-05-09/transactions_232146665070.parquet -> /tmp/minio_downloads/transactions_232146665070.parquet
[2026-05-09T19:16:08.795+0000] {python.py:237} INFO - Done. Returned value was: {'customers': ['/tmp/minio_downloads/customers_232145724825.parquet'], 'accounts': ['/tmp/minio_downloads/accounts_232145838532.parquet', '/tmp/minio_downloads/accounts_232146030358.parquet', '/tmp/minio_downloads/accounts_232146146622.parquet'], 'transactions': ['/tmp/minio_downloads/transactions_232144994219.parquet', '/tmp/minio_downloads/transactions_232145115992.parquet', '/tmp/minio_downloads/transactions_232145217076.parquet', '/tmp/minio_downloads/transactions_232145332258.parquet', '/tmp/minio_downloads/transactions_232145455177.parquet', '/tmp/minio_downloads/transactions_232145591080.parquet', '/tmp/minio_downloads/transactions_232146418397.parquet', '/tmp/minio_downloads/transactions_232146551497.parquet', '/tmp/minio_downloads/transactions_232146665070.parquet']}
[2026-05-09T19:16:08.796+0000] {taskinstance.py:441} INFO - ::group::Post task execution logs
[2026-05-09T19:16:08.835+0000] {taskinstance.py:1206} INFO - Marking task as SUCCESS. dag_id=minio_to_snowflake_banking, task_id=download_minio, run_id=scheduled__2026-05-09T19:15:00+00:00, execution_date=20260509T191500, start_date=20260509T191606, end_date=20260509T191608
[2026-05-09T19:16:08.895+0000] {local_task_job_runner.py:243} INFO - Task exited with return code 0
[2026-05-09T19:16:08.924+0000] {taskinstance.py:3503} INFO - 1 downstream tasks scheduled from follow-on schedule check
[2026-05-09T19:16:08.927+0000] {local_task_job_runner.py:222} INFO - ::endgroup::
