[2026-05-10T08:10:14.688+0000] {local_task_job_runner.py:120} INFO - ::group::Pre task execution logs
[2026-05-10T08:10:14.750+0000] {taskinstance.py:2076} INFO - Dependencies all met for dep_context=non-requeueable deps ti=<TaskInstance: minio_to_snowflake_banking.load_snowflake scheduled__2026-05-10T08:09:00+00:00 [queued]>
[2026-05-10T08:10:14.767+0000] {taskinstance.py:2076} INFO - Dependencies all met for dep_context=requeueable deps ti=<TaskInstance: minio_to_snowflake_banking.load_snowflake scheduled__2026-05-10T08:09:00+00:00 [queued]>
[2026-05-10T08:10:14.769+0000] {taskinstance.py:2306} INFO - Starting attempt 1 of 2
[2026-05-10T08:10:14.789+0000] {taskinstance.py:2330} INFO - Executing <Task(PythonOperator): load_snowflake> on 2026-05-10 08:09:00+00:00
[2026-05-10T08:10:14.806+0000] {standard_task_runner.py:90} INFO - Running: ['***', 'tasks', 'run', 'minio_to_snowflake_banking', 'load_snowflake', 'scheduled__2026-05-10T08:09:00+00:00', '--job-id', '369', '--raw', '--subdir', 'DAGS_FOLDER/minio_to_snowflake_dag.py', '--cfg-path', '/tmp/tmpexj5uyor']
[2026-05-10T08:10:14.810+0000] {logging_mixin.py:188} WARNING - /home/***/.local/lib/python3.12/site-packages/***/task/task_runner/standard_task_runner.py:62 DeprecationWarning: This process (pid=5414) is multi-threaded, use of fork() may lead to deadlocks in the child.
[2026-05-10T08:10:14.811+0000] {standard_task_runner.py:91} INFO - Job 369: Subtask load_snowflake
[2026-05-10T08:10:14.812+0000] {standard_task_runner.py:64} INFO - Started process 5425 to run task
[2026-05-10T08:10:14.937+0000] {task_command.py:426} INFO - Running <TaskInstance: minio_to_snowflake_banking.load_snowflake scheduled__2026-05-10T08:09:00+00:00 [running]> on host 4a45957ba20f
[2026-05-10T08:10:15.126+0000] {taskinstance.py:2648} INFO - Exporting env vars: AIRFLOW_CTX_DAG_OWNER='***' AIRFLOW_CTX_DAG_ID='minio_to_snowflake_banking' AIRFLOW_CTX_TASK_ID='load_snowflake' AIRFLOW_CTX_EXECUTION_DATE='2026-05-10T08:09:00+00:00' AIRFLOW_CTX_TRY_NUMBER='1' AIRFLOW_CTX_DAG_RUN_ID='scheduled__2026-05-10T08:09:00+00:00'
[2026-05-10T08:10:15.128+0000] {taskinstance.py:430} INFO - ::endgroup::
[2026-05-10T08:10:15.177+0000] {connection.py:620} INFO - Snowflake Connector for Python Version: 4.4.0, Python Version: 3.12.4, Platform: Linux-6.6.114.1-microsoft-standard-WSL2-x86_64-with-glibc2.36
[2026-05-10T08:10:15.180+0000] {connection.py:1716} INFO - Connecting to GLOBAL Snowflake domain
[2026-05-10T08:10:17.613+0000] {logging_mixin.py:188} INFO - Uploaded /tmp/minio_downloads/customers_020740414270.parquet -> @customers stage
[2026-05-10T08:10:18.018+0000] {logging_mixin.py:188} INFO - Data loaded into customers
[2026-05-10T08:10:18.323+0000] {logging_mixin.py:188} INFO - Uploaded /tmp/minio_downloads/accounts_020741154863.parquet -> @accounts stage
[2026-05-10T08:10:18.733+0000] {logging_mixin.py:188} INFO - Uploaded /tmp/minio_downloads/accounts_020741267395.parquet -> @accounts stage
[2026-05-10T08:10:19.141+0000] {logging_mixin.py:188} INFO - Data loaded into accounts
[2026-05-10T08:10:19.470+0000] {logging_mixin.py:188} INFO - Uploaded /tmp/minio_downloads/transactions_020741407511.parquet -> @transactions stage
[2026-05-10T08:10:19.761+0000] {logging_mixin.py:188} INFO - Uploaded /tmp/minio_downloads/transactions_020741563869.parquet -> @transactions stage
[2026-05-10T08:10:20.070+0000] {logging_mixin.py:188} INFO - Uploaded /tmp/minio_downloads/transactions_020741686647.parquet -> @transactions stage
[2026-05-10T08:10:20.371+0000] {logging_mixin.py:188} INFO - Uploaded /tmp/minio_downloads/transactions_020741780913.parquet -> @transactions stage
[2026-05-10T08:10:20.679+0000] {logging_mixin.py:188} INFO - Uploaded /tmp/minio_downloads/transactions_020741883026.parquet -> @transactions stage
[2026-05-10T08:10:20.986+0000] {logging_mixin.py:188} INFO - Uploaded /tmp/minio_downloads/transactions_020741993471.parquet -> @transactions stage
[2026-05-10T08:10:21.275+0000] {logging_mixin.py:188} INFO - Uploaded /tmp/minio_downloads/transactions_020742144641.parquet -> @transactions stage
[2026-05-10T08:10:21.579+0000] {logging_mixin.py:188} INFO - Data loaded into transactions
[2026-05-10T08:10:21.827+0000] {python.py:237} INFO - Done. Returned value was: None
[2026-05-10T08:10:21.828+0000] {taskinstance.py:441} INFO - ::group::Post task execution logs
[2026-05-10T08:10:21.848+0000] {taskinstance.py:1206} INFO - Marking task as SUCCESS. dag_id=minio_to_snowflake_banking, task_id=load_snowflake, run_id=scheduled__2026-05-10T08:09:00+00:00, execution_date=20260510T080900, start_date=20260510T081014, end_date=20260510T081021
[2026-05-10T08:10:21.924+0000] {local_task_job_runner.py:243} INFO - Task exited with return code 0
[2026-05-10T08:10:21.952+0000] {taskinstance.py:3503} INFO - 0 downstream tasks scheduled from follow-on schedule check
[2026-05-10T08:10:21.956+0000] {local_task_job_runner.py:222} INFO - ::endgroup::
