[2026-05-10T17:19:07.503+0000] {local_task_job_runner.py:120} INFO - ::group::Pre task execution logs
[2026-05-10T17:19:07.555+0000] {taskinstance.py:2076} INFO - Dependencies all met for dep_context=non-requeueable deps ti=<TaskInstance: minio_to_snowflake_banking.download_minio scheduled__2026-05-10T17:18:00+00:00 [queued]>
[2026-05-10T17:19:07.568+0000] {taskinstance.py:2076} INFO - Dependencies all met for dep_context=requeueable deps ti=<TaskInstance: minio_to_snowflake_banking.download_minio scheduled__2026-05-10T17:18:00+00:00 [queued]>
[2026-05-10T17:19:07.570+0000] {taskinstance.py:2306} INFO - Starting attempt 1 of 2
[2026-05-10T17:19:07.589+0000] {taskinstance.py:2330} INFO - Executing <Task(PythonOperator): download_minio> on 2026-05-10 17:18:00+00:00
[2026-05-10T17:19:07.604+0000] {standard_task_runner.py:90} INFO - Running: ['***', 'tasks', 'run', 'minio_to_snowflake_banking', 'download_minio', 'scheduled__2026-05-10T17:18:00+00:00', '--job-id', '489', '--raw', '--subdir', 'DAGS_FOLDER/minio_to_snowflake_dag.py', '--cfg-path', '/tmp/tmpnwshuyr0']
[2026-05-10T17:19:07.609+0000] {logging_mixin.py:188} WARNING - /home/***/.local/lib/python3.12/site-packages/***/task/task_runner/standard_task_runner.py:62 DeprecationWarning: This process (pid=1369) is multi-threaded, use of fork() may lead to deadlocks in the child.
[2026-05-10T17:19:07.610+0000] {standard_task_runner.py:91} INFO - Job 489: Subtask download_minio
[2026-05-10T17:19:07.610+0000] {standard_task_runner.py:64} INFO - Started process 1380 to run task
[2026-05-10T17:19:07.722+0000] {task_command.py:426} INFO - Running <TaskInstance: minio_to_snowflake_banking.download_minio scheduled__2026-05-10T17:18:00+00:00 [running]> on host 783d198cb02d
[2026-05-10T17:19:07.887+0000] {taskinstance.py:2648} INFO - Exporting env vars: AIRFLOW_CTX_DAG_OWNER='***' AIRFLOW_CTX_DAG_ID='minio_to_snowflake_banking' AIRFLOW_CTX_TASK_ID='download_minio' AIRFLOW_CTX_EXECUTION_DATE='2026-05-10T17:18:00+00:00' AIRFLOW_CTX_TRY_NUMBER='1' AIRFLOW_CTX_DAG_RUN_ID='scheduled__2026-05-10T17:18:00+00:00'
[2026-05-10T17:19:07.889+0000] {taskinstance.py:430} INFO - ::endgroup::
[2026-05-10T17:19:08.498+0000] {logging_mixin.py:188} INFO - Downloaded customers/date=2026-05-10/customers_020740414270.parquet -> /tmp/minio_downloads/customers_020740414270.parquet
[2026-05-10T17:19:08.595+0000] {logging_mixin.py:188} INFO - Downloaded accounts/date=2026-05-10/accounts_020741154863.parquet -> /tmp/minio_downloads/accounts_020741154863.parquet
[2026-05-10T17:19:08.641+0000] {logging_mixin.py:188} INFO - Downloaded accounts/date=2026-05-10/accounts_020741267395.parquet -> /tmp/minio_downloads/accounts_020741267395.parquet
[2026-05-10T17:19:08.763+0000] {logging_mixin.py:188} INFO - Downloaded transactions/date=2026-05-10/transactions_020741407511.parquet -> /tmp/minio_downloads/transactions_020741407511.parquet
[2026-05-10T17:19:08.797+0000] {logging_mixin.py:188} INFO - Downloaded transactions/date=2026-05-10/transactions_020741563869.parquet -> /tmp/minio_downloads/transactions_020741563869.parquet
[2026-05-10T17:19:08.834+0000] {logging_mixin.py:188} INFO - Downloaded transactions/date=2026-05-10/transactions_020741686647.parquet -> /tmp/minio_downloads/transactions_020741686647.parquet
[2026-05-10T17:19:08.873+0000] {logging_mixin.py:188} INFO - Downloaded transactions/date=2026-05-10/transactions_020741780913.parquet -> /tmp/minio_downloads/transactions_020741780913.parquet
[2026-05-10T17:19:08.912+0000] {logging_mixin.py:188} INFO - Downloaded transactions/date=2026-05-10/transactions_020741883026.parquet -> /tmp/minio_downloads/transactions_020741883026.parquet
[2026-05-10T17:19:08.945+0000] {logging_mixin.py:188} INFO - Downloaded transactions/date=2026-05-10/transactions_020741993471.parquet -> /tmp/minio_downloads/transactions_020741993471.parquet
[2026-05-10T17:19:08.984+0000] {logging_mixin.py:188} INFO - Downloaded transactions/date=2026-05-10/transactions_020742144641.parquet -> /tmp/minio_downloads/transactions_020742144641.parquet
[2026-05-10T17:19:08.986+0000] {python.py:237} INFO - Done. Returned value was: {'customers': ['/tmp/minio_downloads/customers_020740414270.parquet'], 'accounts': ['/tmp/minio_downloads/accounts_020741154863.parquet', '/tmp/minio_downloads/accounts_020741267395.parquet'], 'transactions': ['/tmp/minio_downloads/transactions_020741407511.parquet', '/tmp/minio_downloads/transactions_020741563869.parquet', '/tmp/minio_downloads/transactions_020741686647.parquet', '/tmp/minio_downloads/transactions_020741780913.parquet', '/tmp/minio_downloads/transactions_020741883026.parquet', '/tmp/minio_downloads/transactions_020741993471.parquet', '/tmp/minio_downloads/transactions_020742144641.parquet']}
[2026-05-10T17:19:08.987+0000] {taskinstance.py:441} INFO - ::group::Post task execution logs
[2026-05-10T17:19:09.032+0000] {taskinstance.py:1206} INFO - Marking task as SUCCESS. dag_id=minio_to_snowflake_banking, task_id=download_minio, run_id=scheduled__2026-05-10T17:18:00+00:00, execution_date=20260510T171800, start_date=20260510T171907, end_date=20260510T171909
[2026-05-10T17:19:09.114+0000] {local_task_job_runner.py:243} INFO - Task exited with return code 0
[2026-05-10T17:19:09.159+0000] {taskinstance.py:3503} INFO - 1 downstream tasks scheduled from follow-on schedule check
[2026-05-10T17:19:09.162+0000] {local_task_job_runner.py:222} INFO - ::endgroup::
