[2026-05-09T19:06:32.157+0000] {local_task_job_runner.py:120} INFO - ::group::Pre task execution logs
[2026-05-09T19:06:32.259+0000] {taskinstance.py:2076} INFO - Dependencies all met for dep_context=non-requeueable deps ti=<TaskInstance: minio_to_snowflake_banking.download_minio scheduled__2026-05-09T18:40:00+00:00 [queued]>
[2026-05-09T19:06:32.279+0000] {taskinstance.py:2076} INFO - Dependencies all met for dep_context=requeueable deps ti=<TaskInstance: minio_to_snowflake_banking.download_minio scheduled__2026-05-09T18:40:00+00:00 [queued]>
[2026-05-09T19:06:32.280+0000] {taskinstance.py:2306} INFO - Starting attempt 1 of 2
[2026-05-09T19:06:32.301+0000] {taskinstance.py:2330} INFO - Executing <Task(PythonOperator): download_minio> on 2026-05-09 18:40:00+00:00
[2026-05-09T19:06:32.337+0000] {logging_mixin.py:188} WARNING - /home/***/.local/lib/python3.12/site-packages/***/task/task_runner/standard_task_runner.py:62 DeprecationWarning: This process (pid=217) is multi-threaded, use of fork() may lead to deadlocks in the child.
[2026-05-09T19:06:32.330+0000] {standard_task_runner.py:90} INFO - Running: ['***', 'tasks', 'run', 'minio_to_snowflake_banking', 'download_minio', 'scheduled__2026-05-09T18:40:00+00:00', '--job-id', '3', '--raw', '--subdir', 'DAGS_FOLDER/minio_to_snowflake_dag.py', '--cfg-path', '/tmp/tmpen9y1e50']
[2026-05-09T19:06:32.340+0000] {standard_task_runner.py:64} INFO - Started process 232 to run task
[2026-05-09T19:06:32.340+0000] {standard_task_runner.py:91} INFO - Job 3: Subtask download_minio
[2026-05-09T19:06:32.526+0000] {task_command.py:426} INFO - Running <TaskInstance: minio_to_snowflake_banking.download_minio scheduled__2026-05-09T18:40:00+00:00 [running]> on host 199caa4af8ee
[2026-05-09T19:06:32.699+0000] {taskinstance.py:2648} INFO - Exporting env vars: AIRFLOW_CTX_DAG_OWNER='***' AIRFLOW_CTX_DAG_ID='minio_to_snowflake_banking' AIRFLOW_CTX_TASK_ID='download_minio' AIRFLOW_CTX_EXECUTION_DATE='2026-05-09T18:40:00+00:00' AIRFLOW_CTX_TRY_NUMBER='1' AIRFLOW_CTX_DAG_RUN_ID='scheduled__2026-05-09T18:40:00+00:00'
[2026-05-09T19:06:32.704+0000] {taskinstance.py:430} INFO - ::endgroup::
[2026-05-09T19:06:37.599+0000] {logging_mixin.py:188} INFO - Downloaded customers/date=2026-05-09/customers_232145724825.parquet -> /tmp/minio_downloads/customers_232145724825.parquet
[2026-05-09T19:06:37.736+0000] {logging_mixin.py:188} INFO - Downloaded accounts/date=2026-05-09/accounts_232145838532.parquet -> /tmp/minio_downloads/accounts_232145838532.parquet
[2026-05-09T19:06:37.783+0000] {logging_mixin.py:188} INFO - Downloaded accounts/date=2026-05-09/accounts_232146030358.parquet -> /tmp/minio_downloads/accounts_232146030358.parquet
[2026-05-09T19:06:37.837+0000] {logging_mixin.py:188} INFO - Downloaded accounts/date=2026-05-09/accounts_232146146622.parquet -> /tmp/minio_downloads/accounts_232146146622.parquet
[2026-05-09T19:06:38.022+0000] {logging_mixin.py:188} INFO - Downloaded transactions/date=2026-05-09/transactions_232144994219.parquet -> /tmp/minio_downloads/transactions_232144994219.parquet
[2026-05-09T19:06:38.059+0000] {logging_mixin.py:188} INFO - Downloaded transactions/date=2026-05-09/transactions_232145115992.parquet -> /tmp/minio_downloads/transactions_232145115992.parquet
[2026-05-09T19:06:38.123+0000] {logging_mixin.py:188} INFO - Downloaded transactions/date=2026-05-09/transactions_232145217076.parquet -> /tmp/minio_downloads/transactions_232145217076.parquet
[2026-05-09T19:06:38.172+0000] {logging_mixin.py:188} INFO - Downloaded transactions/date=2026-05-09/transactions_232145332258.parquet -> /tmp/minio_downloads/transactions_232145332258.parquet
[2026-05-09T19:06:38.232+0000] {logging_mixin.py:188} INFO - Downloaded transactions/date=2026-05-09/transactions_232145455177.parquet -> /tmp/minio_downloads/transactions_232145455177.parquet
[2026-05-09T19:06:38.284+0000] {logging_mixin.py:188} INFO - Downloaded transactions/date=2026-05-09/transactions_232145591080.parquet -> /tmp/minio_downloads/transactions_232145591080.parquet
[2026-05-09T19:06:38.333+0000] {logging_mixin.py:188} INFO - Downloaded transactions/date=2026-05-09/transactions_232146418397.parquet -> /tmp/minio_downloads/transactions_232146418397.parquet
[2026-05-09T19:06:38.365+0000] {logging_mixin.py:188} INFO - Downloaded transactions/date=2026-05-09/transactions_232146551497.parquet -> /tmp/minio_downloads/transactions_232146551497.parquet
[2026-05-09T19:06:38.410+0000] {logging_mixin.py:188} INFO - Downloaded transactions/date=2026-05-09/transactions_232146665070.parquet -> /tmp/minio_downloads/transactions_232146665070.parquet
[2026-05-09T19:06:38.413+0000] {python.py:237} INFO - Done. Returned value was: {'customers': ['/tmp/minio_downloads/customers_232145724825.parquet'], 'accounts': ['/tmp/minio_downloads/accounts_232145838532.parquet', '/tmp/minio_downloads/accounts_232146030358.parquet', '/tmp/minio_downloads/accounts_232146146622.parquet'], 'transactions': ['/tmp/minio_downloads/transactions_232144994219.parquet', '/tmp/minio_downloads/transactions_232145115992.parquet', '/tmp/minio_downloads/transactions_232145217076.parquet', '/tmp/minio_downloads/transactions_232145332258.parquet', '/tmp/minio_downloads/transactions_232145455177.parquet', '/tmp/minio_downloads/transactions_232145591080.parquet', '/tmp/minio_downloads/transactions_232146418397.parquet', '/tmp/minio_downloads/transactions_232146551497.parquet', '/tmp/minio_downloads/transactions_232146665070.parquet']}
[2026-05-09T19:06:38.415+0000] {taskinstance.py:441} INFO - ::group::Post task execution logs
[2026-05-09T19:06:38.572+0000] {taskinstance.py:1206} INFO - Marking task as SUCCESS. dag_id=minio_to_snowflake_banking, task_id=download_minio, run_id=scheduled__2026-05-09T18:40:00+00:00, execution_date=20260509T184000, start_date=20260509T190632, end_date=20260509T190638
[2026-05-09T19:06:38.671+0000] {local_task_job_runner.py:243} INFO - Task exited with return code 0
[2026-05-09T19:06:38.720+0000] {taskinstance.py:3503} INFO - 1 downstream tasks scheduled from follow-on schedule check
[2026-05-09T19:06:38.723+0000] {local_task_job_runner.py:222} INFO - ::endgroup::
