[2026-05-10T07:37:22.127+0000] {local_task_job_runner.py:120} INFO - ::group::Pre task execution logs
[2026-05-10T07:37:22.212+0000] {taskinstance.py:2076} INFO - Dependencies all met for dep_context=non-requeueable deps ti=<TaskInstance: minio_to_snowflake_banking.load_snowflake scheduled__2026-05-10T07:36:00+00:00 [queued]>
[2026-05-10T07:37:22.227+0000] {taskinstance.py:2076} INFO - Dependencies all met for dep_context=requeueable deps ti=<TaskInstance: minio_to_snowflake_banking.load_snowflake scheduled__2026-05-10T07:36:00+00:00 [queued]>
[2026-05-10T07:37:22.229+0000] {taskinstance.py:2306} INFO - Starting attempt 1 of 2
[2026-05-10T07:37:22.251+0000] {taskinstance.py:2330} INFO - Executing <Task(PythonOperator): load_snowflake> on 2026-05-10 07:36:00+00:00
[2026-05-10T07:37:22.270+0000] {standard_task_runner.py:90} INFO - Running: ['***', 'tasks', 'run', 'minio_to_snowflake_banking', 'load_snowflake', 'scheduled__2026-05-10T07:36:00+00:00', '--job-id', '303', '--raw', '--subdir', 'DAGS_FOLDER/minio_to_snowflake_dag.py', '--cfg-path', '/tmp/tmpy03mdp7l']
[2026-05-10T07:37:22.277+0000] {standard_task_runner.py:91} INFO - Job 303: Subtask load_snowflake
[2026-05-10T07:37:22.277+0000] {logging_mixin.py:188} WARNING - /home/***/.local/lib/python3.12/site-packages/***/task/task_runner/standard_task_runner.py:62 DeprecationWarning: This process (pid=3207) is multi-threaded, use of fork() may lead to deadlocks in the child.
[2026-05-10T07:37:22.280+0000] {standard_task_runner.py:64} INFO - Started process 3218 to run task
[2026-05-10T07:37:22.420+0000] {task_command.py:426} INFO - Running <TaskInstance: minio_to_snowflake_banking.load_snowflake scheduled__2026-05-10T07:36:00+00:00 [running]> on host 4a45957ba20f
[2026-05-10T07:37:22.670+0000] {taskinstance.py:2648} INFO - Exporting env vars: AIRFLOW_CTX_DAG_OWNER='***' AIRFLOW_CTX_DAG_ID='minio_to_snowflake_banking' AIRFLOW_CTX_TASK_ID='load_snowflake' AIRFLOW_CTX_EXECUTION_DATE='2026-05-10T07:36:00+00:00' AIRFLOW_CTX_TRY_NUMBER='1' AIRFLOW_CTX_DAG_RUN_ID='scheduled__2026-05-10T07:36:00+00:00'
[2026-05-10T07:37:22.676+0000] {taskinstance.py:430} INFO - ::endgroup::
[2026-05-10T07:37:22.761+0000] {connection.py:620} INFO - Snowflake Connector for Python Version: 4.4.0, Python Version: 3.12.4, Platform: Linux-6.6.114.1-microsoft-standard-WSL2-x86_64-with-glibc2.36
[2026-05-10T07:37:22.765+0000] {connection.py:1716} INFO - Connecting to GLOBAL Snowflake domain
[2026-05-10T07:37:26.454+0000] {logging_mixin.py:188} INFO - Uploaded /tmp/minio_downloads/customers_020740414270.parquet -> @customers stage
[2026-05-10T07:37:26.760+0000] {logging_mixin.py:188} INFO - Data loaded into customers
[2026-05-10T07:37:27.010+0000] {logging_mixin.py:188} INFO - Uploaded /tmp/minio_downloads/accounts_020741154863.parquet -> @accounts stage
[2026-05-10T07:37:27.237+0000] {logging_mixin.py:188} INFO - Uploaded /tmp/minio_downloads/accounts_020741267395.parquet -> @accounts stage
[2026-05-10T07:37:27.533+0000] {logging_mixin.py:188} INFO - Data loaded into accounts
[2026-05-10T07:37:27.777+0000] {logging_mixin.py:188} INFO - Uploaded /tmp/minio_downloads/transactions_020741407511.parquet -> @transactions stage
[2026-05-10T07:37:28.010+0000] {logging_mixin.py:188} INFO - Uploaded /tmp/minio_downloads/transactions_020741563869.parquet -> @transactions stage
[2026-05-10T07:37:28.246+0000] {logging_mixin.py:188} INFO - Uploaded /tmp/minio_downloads/transactions_020741686647.parquet -> @transactions stage
[2026-05-10T07:37:28.474+0000] {logging_mixin.py:188} INFO - Uploaded /tmp/minio_downloads/transactions_020741780913.parquet -> @transactions stage
[2026-05-10T07:37:28.701+0000] {logging_mixin.py:188} INFO - Uploaded /tmp/minio_downloads/transactions_020741883026.parquet -> @transactions stage
[2026-05-10T07:37:28.917+0000] {logging_mixin.py:188} INFO - Uploaded /tmp/minio_downloads/transactions_020741993471.parquet -> @transactions stage
[2026-05-10T07:37:29.142+0000] {logging_mixin.py:188} INFO - Uploaded /tmp/minio_downloads/transactions_020742144641.parquet -> @transactions stage
[2026-05-10T07:37:29.435+0000] {logging_mixin.py:188} INFO - Data loaded into transactions
[2026-05-10T07:37:29.690+0000] {python.py:237} INFO - Done. Returned value was: None
[2026-05-10T07:37:29.691+0000] {taskinstance.py:441} INFO - ::group::Post task execution logs
[2026-05-10T07:37:29.743+0000] {taskinstance.py:1206} INFO - Marking task as SUCCESS. dag_id=minio_to_snowflake_banking, task_id=load_snowflake, run_id=scheduled__2026-05-10T07:36:00+00:00, execution_date=20260510T073600, start_date=20260510T073722, end_date=20260510T073729
[2026-05-10T07:37:29.824+0000] {local_task_job_runner.py:243} INFO - Task exited with return code 0
[2026-05-10T07:37:29.850+0000] {taskinstance.py:3503} INFO - 0 downstream tasks scheduled from follow-on schedule check
[2026-05-10T07:37:29.853+0000] {local_task_job_runner.py:222} INFO - ::endgroup::
