[2026-05-09T20:17:11.014+0000] {local_task_job_runner.py:120} INFO - ::group::Pre task execution logs
[2026-05-09T20:17:11.073+0000] {taskinstance.py:2076} INFO - Dependencies all met for dep_context=non-requeueable deps ti=<TaskInstance: minio_to_snowflake_banking.load_snowflake scheduled__2026-05-09T20:16:00+00:00 [queued]>
[2026-05-09T20:17:11.104+0000] {taskinstance.py:2076} INFO - Dependencies all met for dep_context=requeueable deps ti=<TaskInstance: minio_to_snowflake_banking.load_snowflake scheduled__2026-05-09T20:16:00+00:00 [queued]>
[2026-05-09T20:17:11.106+0000] {taskinstance.py:2306} INFO - Starting attempt 1 of 2
[2026-05-09T20:17:11.130+0000] {taskinstance.py:2330} INFO - Executing <Task(PythonOperator): load_snowflake> on 2026-05-09 20:16:00+00:00
[2026-05-09T20:17:11.146+0000] {standard_task_runner.py:90} INFO - Running: ['***', 'tasks', 'run', 'minio_to_snowflake_banking', 'load_snowflake', 'scheduled__2026-05-09T20:16:00+00:00', '--job-id', '139', '--raw', '--subdir', 'DAGS_FOLDER/minio_to_snowflake_dag.py', '--cfg-path', '/tmp/tmphk9t03td']
[2026-05-09T20:17:11.153+0000] {standard_task_runner.py:91} INFO - Job 139: Subtask load_snowflake
[2026-05-09T20:17:11.154+0000] {logging_mixin.py:188} WARNING - /home/***/.local/lib/python3.12/site-packages/***/task/task_runner/standard_task_runner.py:62 DeprecationWarning: This process (pid=797) is multi-threaded, use of fork() may lead to deadlocks in the child.
[2026-05-09T20:17:11.155+0000] {standard_task_runner.py:64} INFO - Started process 808 to run task
[2026-05-09T20:17:11.353+0000] {task_command.py:426} INFO - Running <TaskInstance: minio_to_snowflake_banking.load_snowflake scheduled__2026-05-09T20:16:00+00:00 [running]> on host eeac7f80404e
[2026-05-09T20:17:11.521+0000] {taskinstance.py:2648} INFO - Exporting env vars: AIRFLOW_CTX_DAG_OWNER='***' AIRFLOW_CTX_DAG_ID='minio_to_snowflake_banking' AIRFLOW_CTX_TASK_ID='load_snowflake' AIRFLOW_CTX_EXECUTION_DATE='2026-05-09T20:16:00+00:00' AIRFLOW_CTX_TRY_NUMBER='1' AIRFLOW_CTX_DAG_RUN_ID='scheduled__2026-05-09T20:16:00+00:00'
[2026-05-09T20:17:11.525+0000] {taskinstance.py:430} INFO - ::endgroup::
[2026-05-09T20:17:11.565+0000] {connection.py:620} INFO - Snowflake Connector for Python Version: 4.4.0, Python Version: 3.12.4, Platform: Linux-6.6.114.1-microsoft-standard-WSL2-x86_64-with-glibc2.36
[2026-05-09T20:17:11.569+0000] {connection.py:1716} INFO - Connecting to GLOBAL Snowflake domain
[2026-05-09T20:17:13.258+0000] {logging_mixin.py:188} INFO - No files for customers, skipping.
[2026-05-09T20:17:13.259+0000] {logging_mixin.py:188} INFO - No files for accounts, skipping.
[2026-05-09T20:17:13.260+0000] {logging_mixin.py:188} INFO - No files for transactions, skipping.
[2026-05-09T20:17:13.628+0000] {python.py:237} INFO - Done. Returned value was: None
[2026-05-09T20:17:13.629+0000] {taskinstance.py:441} INFO - ::group::Post task execution logs
[2026-05-09T20:17:13.647+0000] {taskinstance.py:1206} INFO - Marking task as SUCCESS. dag_id=minio_to_snowflake_banking, task_id=load_snowflake, run_id=scheduled__2026-05-09T20:16:00+00:00, execution_date=20260509T201600, start_date=20260509T201711, end_date=20260509T201713
[2026-05-09T20:17:13.713+0000] {local_task_job_runner.py:243} INFO - Task exited with return code 0
[2026-05-09T20:17:13.741+0000] {taskinstance.py:3503} INFO - 0 downstream tasks scheduled from follow-on schedule check
[2026-05-09T20:17:13.744+0000] {local_task_job_runner.py:222} INFO - ::endgroup::
