[2026-05-09T19:19:11.336+0000] {local_task_job_runner.py:120} INFO - ::group::Pre task execution logs
[2026-05-09T19:19:11.397+0000] {taskinstance.py:2076} INFO - Dependencies all met for dep_context=non-requeueable deps ti=<TaskInstance: minio_to_snowflake_banking.download_minio scheduled__2026-05-09T19:18:00+00:00 [queued]>
[2026-05-09T19:19:11.412+0000] {taskinstance.py:2076} INFO - Dependencies all met for dep_context=requeueable deps ti=<TaskInstance: minio_to_snowflake_banking.download_minio scheduled__2026-05-09T19:18:00+00:00 [queued]>
[2026-05-09T19:19:11.414+0000] {taskinstance.py:2306} INFO - Starting attempt 1 of 2
[2026-05-09T19:19:11.435+0000] {taskinstance.py:2330} INFO - Executing <Task(PythonOperator): download_minio> on 2026-05-09 19:18:00+00:00
[2026-05-09T19:19:11.449+0000] {standard_task_runner.py:90} INFO - Running: ['***', 'tasks', 'run', 'minio_to_snowflake_banking', 'download_minio', 'scheduled__2026-05-09T19:18:00+00:00', '--job-id', '33', '--raw', '--subdir', 'DAGS_FOLDER/minio_to_snowflake_dag.py', '--cfg-path', '/tmp/tmpgd2wycx2']
[2026-05-09T19:19:11.457+0000] {standard_task_runner.py:91} INFO - Job 33: Subtask download_minio
[2026-05-09T19:19:11.457+0000] {logging_mixin.py:188} WARNING - /home/***/.local/lib/python3.12/site-packages/***/task/task_runner/standard_task_runner.py:62 DeprecationWarning: This process (pid=1358) is multi-threaded, use of fork() may lead to deadlocks in the child.
[2026-05-09T19:19:11.459+0000] {standard_task_runner.py:64} INFO - Started process 1369 to run task
[2026-05-09T19:19:11.593+0000] {task_command.py:426} INFO - Running <TaskInstance: minio_to_snowflake_banking.download_minio scheduled__2026-05-09T19:18:00+00:00 [running]> on host 199caa4af8ee
[2026-05-09T19:19:11.771+0000] {taskinstance.py:2648} INFO - Exporting env vars: AIRFLOW_CTX_DAG_OWNER='***' AIRFLOW_CTX_DAG_ID='minio_to_snowflake_banking' AIRFLOW_CTX_TASK_ID='download_minio' AIRFLOW_CTX_EXECUTION_DATE='2026-05-09T19:18:00+00:00' AIRFLOW_CTX_TRY_NUMBER='1' AIRFLOW_CTX_DAG_RUN_ID='scheduled__2026-05-09T19:18:00+00:00'
[2026-05-09T19:19:11.774+0000] {taskinstance.py:430} INFO - ::endgroup::
[2026-05-09T19:19:12.966+0000] {logging_mixin.py:188} INFO - Downloaded customers/date=2026-05-09/customers_232145724825.parquet -> /tmp/minio_downloads/customers_232145724825.parquet
[2026-05-09T19:19:13.072+0000] {logging_mixin.py:188} INFO - Downloaded accounts/date=2026-05-09/accounts_232145838532.parquet -> /tmp/minio_downloads/accounts_232145838532.parquet
[2026-05-09T19:19:13.108+0000] {logging_mixin.py:188} INFO - Downloaded accounts/date=2026-05-09/accounts_232146030358.parquet -> /tmp/minio_downloads/accounts_232146030358.parquet
[2026-05-09T19:19:13.158+0000] {logging_mixin.py:188} INFO - Downloaded accounts/date=2026-05-09/accounts_232146146622.parquet -> /tmp/minio_downloads/accounts_232146146622.parquet
[2026-05-09T19:19:13.299+0000] {logging_mixin.py:188} INFO - Downloaded transactions/date=2026-05-09/transactions_232144994219.parquet -> /tmp/minio_downloads/transactions_232144994219.parquet
[2026-05-09T19:19:13.327+0000] {logging_mixin.py:188} INFO - Downloaded transactions/date=2026-05-09/transactions_232145115992.parquet -> /tmp/minio_downloads/transactions_232145115992.parquet
[2026-05-09T19:19:13.358+0000] {logging_mixin.py:188} INFO - Downloaded transactions/date=2026-05-09/transactions_232145217076.parquet -> /tmp/minio_downloads/transactions_232145217076.parquet
[2026-05-09T19:19:13.388+0000] {logging_mixin.py:188} INFO - Downloaded transactions/date=2026-05-09/transactions_232145332258.parquet -> /tmp/minio_downloads/transactions_232145332258.parquet
[2026-05-09T19:19:13.419+0000] {logging_mixin.py:188} INFO - Downloaded transactions/date=2026-05-09/transactions_232145455177.parquet -> /tmp/minio_downloads/transactions_232145455177.parquet
[2026-05-09T19:19:13.455+0000] {logging_mixin.py:188} INFO - Downloaded transactions/date=2026-05-09/transactions_232145591080.parquet -> /tmp/minio_downloads/transactions_232145591080.parquet
[2026-05-09T19:19:13.487+0000] {logging_mixin.py:188} INFO - Downloaded transactions/date=2026-05-09/transactions_232146418397.parquet -> /tmp/minio_downloads/transactions_232146418397.parquet
[2026-05-09T19:19:13.520+0000] {logging_mixin.py:188} INFO - Downloaded transactions/date=2026-05-09/transactions_232146551497.parquet -> /tmp/minio_downloads/transactions_232146551497.parquet
[2026-05-09T19:19:13.550+0000] {logging_mixin.py:188} INFO - Downloaded transactions/date=2026-05-09/transactions_232146665070.parquet -> /tmp/minio_downloads/transactions_232146665070.parquet
[2026-05-09T19:19:13.552+0000] {python.py:237} INFO - Done. Returned value was: {'customers': ['/tmp/minio_downloads/customers_232145724825.parquet'], 'accounts': ['/tmp/minio_downloads/accounts_232145838532.parquet', '/tmp/minio_downloads/accounts_232146030358.parquet', '/tmp/minio_downloads/accounts_232146146622.parquet'], 'transactions': ['/tmp/minio_downloads/transactions_232144994219.parquet', '/tmp/minio_downloads/transactions_232145115992.parquet', '/tmp/minio_downloads/transactions_232145217076.parquet', '/tmp/minio_downloads/transactions_232145332258.parquet', '/tmp/minio_downloads/transactions_232145455177.parquet', '/tmp/minio_downloads/transactions_232145591080.parquet', '/tmp/minio_downloads/transactions_232146418397.parquet', '/tmp/minio_downloads/transactions_232146551497.parquet', '/tmp/minio_downloads/transactions_232146665070.parquet']}
[2026-05-09T19:19:13.554+0000] {taskinstance.py:441} INFO - ::group::Post task execution logs
[2026-05-09T19:19:13.629+0000] {taskinstance.py:1206} INFO - Marking task as SUCCESS. dag_id=minio_to_snowflake_banking, task_id=download_minio, run_id=scheduled__2026-05-09T19:18:00+00:00, execution_date=20260509T191800, start_date=20260509T191911, end_date=20260509T191913
[2026-05-09T19:19:13.727+0000] {local_task_job_runner.py:243} INFO - Task exited with return code 0
[2026-05-09T19:19:13.771+0000] {taskinstance.py:3503} INFO - 1 downstream tasks scheduled from follow-on schedule check
[2026-05-09T19:19:13.775+0000] {local_task_job_runner.py:222} INFO - ::endgroup::
