[2026-05-09T20:26:09.184+0000] {local_task_job_runner.py:120} INFO - ::group::Pre task execution logs
[2026-05-09T20:26:09.319+0000] {local_task_job_runner.py:124} ERROR - Received SIGTERM. Terminating subprocesses
[2026-05-09T20:26:09.323+0000] {local_task_job_runner.py:243} INFO - Task exited with return code 143
[2026-05-09T20:26:09.388+0000] {taskinstance.py:3503} INFO - 0 downstream tasks scheduled from follow-on schedule check
[2026-05-09T20:27:55.796+0000] {local_task_job_runner.py:120} INFO - ::group::Pre task execution logs
[2026-05-09T20:27:55.854+0000] {taskinstance.py:2076} INFO - Dependencies all met for dep_context=non-requeueable deps ti=<TaskInstance: minio_to_snowflake_banking.download_minio scheduled__2026-05-09T20:25:00+00:00 [queued]>
[2026-05-09T20:27:55.871+0000] {taskinstance.py:2076} INFO - Dependencies all met for dep_context=requeueable deps ti=<TaskInstance: minio_to_snowflake_banking.download_minio scheduled__2026-05-09T20:25:00+00:00 [queued]>
[2026-05-09T20:27:55.872+0000] {taskinstance.py:2306} INFO - Starting attempt 1 of 2
[2026-05-09T20:27:55.901+0000] {taskinstance.py:2330} INFO - Executing <Task(PythonOperator): download_minio> on 2026-05-09 20:25:00+00:00
[2026-05-09T20:27:55.933+0000] {logging_mixin.py:188} WARNING - /home/***/.local/lib/python3.12/site-packages/***/task/task_runner/standard_task_runner.py:62 DeprecationWarning: This process (pid=26) is multi-threaded, use of fork() may lead to deadlocks in the child.
[2026-05-09T20:27:55.941+0000] {standard_task_runner.py:64} INFO - Started process 40 to run task
[2026-05-09T20:27:55.930+0000] {standard_task_runner.py:90} INFO - Running: ['***', 'tasks', 'run', 'minio_to_snowflake_banking', 'download_minio', 'scheduled__2026-05-09T20:25:00+00:00', '--job-id', '158', '--raw', '--subdir', 'DAGS_FOLDER/minio_to_snowflake_dag.py', '--cfg-path', '/tmp/tmpjhkqb5qm']
[2026-05-09T20:27:55.943+0000] {standard_task_runner.py:91} INFO - Job 158: Subtask download_minio
[2026-05-09T20:27:56.251+0000] {task_command.py:426} INFO - Running <TaskInstance: minio_to_snowflake_banking.download_minio scheduled__2026-05-09T20:25:00+00:00 [running]> on host 04688b7f1a50
[2026-05-09T20:27:56.700+0000] {taskinstance.py:2648} INFO - Exporting env vars: AIRFLOW_CTX_DAG_OWNER='***' AIRFLOW_CTX_DAG_ID='minio_to_snowflake_banking' AIRFLOW_CTX_TASK_ID='download_minio' AIRFLOW_CTX_EXECUTION_DATE='2026-05-09T20:25:00+00:00' AIRFLOW_CTX_TRY_NUMBER='1' AIRFLOW_CTX_DAG_RUN_ID='scheduled__2026-05-09T20:25:00+00:00'
[2026-05-09T20:27:56.702+0000] {taskinstance.py:430} INFO - ::endgroup::
[2026-05-09T20:27:59.309+0000] {python.py:237} INFO - Done. Returned value was: {'customers': [], 'accounts': [], 'transactions': []}
[2026-05-09T20:27:59.317+0000] {taskinstance.py:441} INFO - ::group::Post task execution logs
[2026-05-09T20:27:59.604+0000] {taskinstance.py:1206} INFO - Marking task as SUCCESS. dag_id=minio_to_snowflake_banking, task_id=download_minio, run_id=scheduled__2026-05-09T20:25:00+00:00, execution_date=20260509T202500, start_date=20260509T202755, end_date=20260509T202759
[2026-05-09T20:27:59.686+0000] {local_task_job_runner.py:243} INFO - Task exited with return code 0
[2026-05-09T20:27:59.737+0000] {taskinstance.py:3503} INFO - 1 downstream tasks scheduled from follow-on schedule check
[2026-05-09T20:27:59.742+0000] {local_task_job_runner.py:222} INFO - ::endgroup::
