[0m12:26:18.402926 [debug] [MainThread]: Sending event: {'category': 'dbt', 'action': 'invocation', 'label': 'start', 'context': [<snowplow_tracker.self_describing_json.SelfDescribingJson object at 0x0000026D4362CEC0>, <snowplow_tracker.self_describing_json.SelfDescribingJson object at 0x0000026D3F366D50>, <snowplow_tracker.self_describing_json.SelfDescribingJson object at 0x0000026D4575BED0>]}


============================== 12:26:18.413486 | 876b6534-7b1e-4eb9-b8fb-3547402d34a7 ==============================
[0m12:26:18.413486 [info ] [MainThread]: Running with dbt=1.11.9
[0m12:26:18.414987 [debug] [MainThread]: running dbt with arguments {'version_check': 'True', 'no_print': 'None', 'static_parser': 'True', 'target_path': 'None', 'warn_error_options': 'WarnErrorOptionsV2(error=[], warn=[], silence=[])', 'printer_width': '80', 'write_json': 'True', 'empty': 'None', 'log_cache_events': 'False', 'introspect': 'True', 'cache_selected_only': 'False', 'fail_fast': 'False', 'debug': 'False', 'log_format': 'default', 'profiles_dir': 'C:\\Users\\lucky\\.dbt', 'send_anonymous_usage_stats': 'True', 'quiet': 'False', 'warn_error': 'None', 'partial_parse': 'True', 'invocation_command': 'dbt init bandking_dbt', 'use_colors': 'True', 'indirect_selection': 'eager', 'use_experimental_parser': 'False', 'log_path': 'logs'}
[0m12:26:18.497350 [info ] [MainThread]: Creating dbt configuration folder at C:\Users\lucky\.dbt
[0m12:26:18.505211 [debug] [MainThread]: Starter project path: C:\Users\lucky\AppData\Local\Programs\Python\Python313\Lib\site-packages\dbt\include\starter_project
[0m12:26:18.586596 [info ] [MainThread]: 
Your new dbt project "bandking_dbt" was created!

For more information on how to configure the profiles.yml file,
please consult the dbt documentation here:

  https://docs.getdbt.com/docs/configure-your-profile

One more thing:

Need help? Don't hesitate to reach out to us via GitHub issues or on Slack:

  https://community.getdbt.com/

Happy modeling!

[0m12:26:18.587704 [info ] [MainThread]: Setting up your profile.
[0m12:26:25.334350 [debug] [MainThread]: Snowflake adapter: Setting snowflake.connector to ERROR (file logging only)
[0m12:26:25.335379 [debug] [MainThread]: Snowflake adapter: Setting botocore to ERROR (file logging only)
[0m12:26:25.336188 [debug] [MainThread]: Snowflake adapter: Setting boto3 to ERROR (file logging only)
[0m12:32:30.526236 [info ] [MainThread]: Profile bandking_dbt written to C:\Users\lucky\.dbt\profiles.yml using target's profile_template.yml and your supplied values. Run 'dbt debug' to validate the connection.
[0m12:32:30.707435 [debug] [MainThread]: Command `dbt init` succeeded at 12:32:30.698250 after 372.65 seconds
[0m12:32:30.735581 [debug] [MainThread]: Sending event: {'category': 'dbt', 'action': 'invocation', 'label': 'end', 'context': [<snowplow_tracker.self_describing_json.SelfDescribingJson object at 0x0000026D56C342B0>, <snowplow_tracker.self_describing_json.SelfDescribingJson object at 0x0000026D561F7BF0>, <snowplow_tracker.self_describing_json.SelfDescribingJson object at 0x0000026D56BDD150>]}
[0m12:32:30.750765 [debug] [MainThread]: Flushing usage events
[0m12:32:32.420578 [debug] [MainThread]: An error was encountered while trying to flush usage events
[0m12:32:44.958504 [debug] [MainThread]: Sending event: {'category': 'dbt', 'action': 'invocation', 'label': 'start', 'context': [<snowplow_tracker.self_describing_json.SelfDescribingJson object at 0x0000028984638AD0>, <snowplow_tracker.self_describing_json.SelfDescribingJson object at 0x00000289FFEC6D50>, <snowplow_tracker.self_describing_json.SelfDescribingJson object at 0x000002898674BC50>]}


============================== 12:32:44.967971 | d367e122-7519-4e4c-8400-6f1b0e312ebb ==============================
[0m12:32:44.967971 [info ] [MainThread]: Running with dbt=1.11.9
[0m12:32:44.968882 [debug] [MainThread]: running dbt with arguments {'version_check': 'True', 'no_print': 'None', 'static_parser': 'True', 'warn_error_options': 'WarnErrorOptionsV2(error=[], warn=[], silence=[])', 'target_path': 'None', 'printer_width': '80', 'write_json': 'True', 'empty': 'None', 'log_cache_events': 'False', 'introspect': 'True', 'cache_selected_only': 'False', 'log_format': 'default', 'debug': 'False', 'fail_fast': 'False', 'partial_parse': 'True', 'send_anonymous_usage_stats': 'True', 'quiet': 'False', 'warn_error': 'None', 'profiles_dir': 'C:\\Users\\lucky\\.dbt', 'use_colors': 'True', 'invocation_command': 'dbt debug', 'indirect_selection': 'eager', 'use_experimental_parser': 'False', 'log_path': 'logs'}
[0m12:32:45.027677 [info ] [MainThread]: dbt version: 1.11.9
[0m12:32:45.028595 [info ] [MainThread]: python version: 3.13.5
[0m12:32:45.029206 [info ] [MainThread]: python path: C:\Users\lucky\AppData\Local\Programs\Python\Python313\python.exe
[0m12:32:45.030708 [info ] [MainThread]: os info: Windows-11-10.0.26200-SP0
[0m12:32:47.657535 [debug] [MainThread]: Snowflake adapter: Setting snowflake.connector to ERROR (file logging only)
[0m12:32:47.658213 [debug] [MainThread]: Snowflake adapter: Setting botocore to ERROR (file logging only)
[0m12:32:47.658525 [debug] [MainThread]: Snowflake adapter: Setting boto3 to ERROR (file logging only)
[0m12:32:47.776763 [info ] [MainThread]: Using profiles dir at C:\Users\lucky\.dbt
[0m12:32:47.777584 [info ] [MainThread]: Using profiles.yml file at C:\Users\lucky\.dbt\profiles.yml
[0m12:32:47.778177 [info ] [MainThread]: Using dbt_project.yml file at C:\users\lucky\banking-modern-stack\dbt_project.yml
[0m12:32:47.780350 [info ] [MainThread]: adapter type: snowflake
[0m12:32:47.781177 [info ] [MainThread]: adapter version: 1.11.4
[0m12:32:47.782091 [info ] [MainThread]: Configuration:
[0m12:32:47.782822 [info ] [MainThread]:   profiles.yml file [[32mOK found and valid[0m]
[0m12:32:47.784373 [info ] [MainThread]:   dbt_project.yml file [[31mERROR not found[0m]
[0m12:32:47.785128 [info ] [MainThread]: Required dependencies:
[0m12:32:47.785789 [debug] [MainThread]: Executing "git --help"
[0m12:32:47.792555 [info ] [MainThread]:  - git [[31mERROR[0m]

[0m12:32:47.793494 [info ] [MainThread]: Connection:
[0m12:32:47.794408 [info ] [MainThread]:   account: ph01027.ap-southeast-7.aws
[0m12:32:47.795592 [info ] [MainThread]:   user: saiteja
[0m12:32:47.796313 [info ] [MainThread]:   database: banking
[0m12:32:47.796969 [info ] [MainThread]:   warehouse: COMPUTE_WH
[0m12:32:47.797603 [info ] [MainThread]:   role: ACCOUNTADMIN
[0m12:32:47.798292 [info ] [MainThread]:   schema: analytics
[0m12:32:47.798738 [info ] [MainThread]:   authenticator: None
[0m12:32:47.799155 [info ] [MainThread]:   oauth_client_id: None
[0m12:32:47.799582 [info ] [MainThread]:   query_tag: None
[0m12:32:47.800008 [info ] [MainThread]:   client_session_keep_alive: False
[0m12:32:47.800481 [info ] [MainThread]:   host: None
[0m12:32:47.801151 [info ] [MainThread]:   port: None
[0m12:32:47.802000 [info ] [MainThread]:   proxy_host: None
[0m12:32:47.802748 [info ] [MainThread]:   proxy_port: None
[0m12:32:47.803381 [info ] [MainThread]:   protocol: None
[0m12:32:47.804216 [info ] [MainThread]:   connect_retries: 1
[0m12:32:47.804836 [info ] [MainThread]:   connect_timeout: None
[0m12:32:47.805401 [info ] [MainThread]:   retry_on_database_errors: False
[0m12:32:47.805880 [info ] [MainThread]:   retry_all: False
[0m12:32:47.806482 [info ] [MainThread]:   insecure_mode: False
[0m12:32:47.806951 [info ] [MainThread]:   reuse_connections: True
[0m12:32:47.807450 [info ] [MainThread]:   s3_stage_vpce_dns_name: None
[0m12:32:47.807879 [info ] [MainThread]:   platform_detection_timeout_seconds: 0.0
[0m12:32:47.808778 [info ] [MainThread]: Registered adapter: snowflake=1.11.4
[0m12:32:49.414051 [debug] [MainThread]: Acquiring new snowflake connection 'debug'
[0m12:32:54.918273 [debug] [MainThread]: Using snowflake connection "debug"
[0m12:32:54.918712 [debug] [MainThread]: On debug: select 1 as id
[0m12:32:54.918965 [debug] [MainThread]: Opening a new connection, currently in state init
[0m12:32:56.775134 [debug] [MainThread]: SQL status: SUCCESS 1 in 1.856 seconds
[0m12:32:56.776722 [info ] [MainThread]:   Connection test: [[32mOK connection ok[0m]

[0m12:32:56.777762 [info ] [MainThread]: [31m2 checks failed:[0m
[0m12:32:56.778581 [info ] [MainThread]: Project loading failed for the following reason:
 project path <C:\users\lucky\banking-modern-stack\dbt_project.yml> not found

[0m12:32:56.779232 [info ] [MainThread]: Error from git --help: Could not find command, ensure it is in the user's PATH and that the user has permissions to run it: "git"

[0m12:32:56.780659 [debug] [MainThread]: Command `dbt debug` failed at 12:32:56.780387 after 12.12 seconds
[0m12:32:56.781310 [debug] [MainThread]: Connection 'debug' was left open.
[0m12:32:56.781860 [debug] [MainThread]: On debug: Close
[0m12:32:57.022545 [debug] [MainThread]: Sending event: {'category': 'dbt', 'action': 'invocation', 'label': 'end', 'context': [<snowplow_tracker.self_describing_json.SelfDescribingJson object at 0x0000028997C6A780>, <snowplow_tracker.self_describing_json.SelfDescribingJson object at 0x0000028998068710>, <snowplow_tracker.self_describing_json.SelfDescribingJson object at 0x0000028997BEEBE0>]}
[0m12:32:57.023340 [debug] [MainThread]: Flushing usage events
[0m12:32:58.224276 [debug] [MainThread]: An error was encountered while trying to flush usage events
[0m13:01:33.756143 [debug] [MainThread]: Sending event: {'category': 'dbt', 'action': 'invocation', 'label': 'start', 'context': [<snowplow_tracker.self_describing_json.SelfDescribingJson object at 0x0000029398E78AD0>, <snowplow_tracker.self_describing_json.SelfDescribingJson object at 0x0000029394AE6D50>, <snowplow_tracker.self_describing_json.SelfDescribingJson object at 0x000002939AFE3B10>]}


============================== 13:01:33.772803 | ea7cf52d-2021-453e-b0d1-07010e4ed4d1 ==============================
[0m13:01:33.772803 [info ] [MainThread]: Running with dbt=1.11.9
[0m13:01:33.774745 [debug] [MainThread]: running dbt with arguments {'static_parser': 'True', 'no_print': 'None', 'version_check': 'True', 'warn_error_options': 'WarnErrorOptionsV2(error=[], warn=[], silence=[])', 'target_path': 'None', 'printer_width': '80', 'write_json': 'True', 'empty': 'False', 'log_cache_events': 'False', 'introspect': 'True', 'cache_selected_only': 'False', 'fail_fast': 'False', 'debug': 'False', 'log_format': 'default', 'partial_parse': 'True', 'send_anonymous_usage_stats': 'True', 'quiet': 'False', 'warn_error': 'None', 'profiles_dir': 'C:\\Users\\lucky\\.dbt', 'use_colors': 'True', 'indirect_selection': 'eager', 'invocation_command': 'dbt run', 'use_experimental_parser': 'False', 'log_path': 'logs'}
[0m13:01:33.776063 [error] [MainThread]: Encountered an error:
Runtime Error
  No dbt_project.yml found at expected path C:\users\lucky\banking-modern-stack\dbt_project.yml
  Verify that each entry within packages.yml (and their transitive dependencies) contains a file named dbt_project.yml
  
[0m13:01:33.779997 [debug] [MainThread]: Command `dbt run` failed at 13:01:33.779648 after 0.56 seconds
[0m13:01:33.780976 [debug] [MainThread]: Sending event: {'category': 'dbt', 'action': 'invocation', 'label': 'end', 'context': [<snowplow_tracker.self_describing_json.SelfDescribingJson object at 0x000002939AF97230>, <snowplow_tracker.self_describing_json.SelfDescribingJson object at 0x000002939B0217F0>, <snowplow_tracker.self_describing_json.SelfDescribingJson object at 0x000002939B098050>]}
[0m13:01:33.781862 [debug] [MainThread]: Flushing usage events
[0m13:01:35.438282 [debug] [MainThread]: An error was encountered while trying to flush usage events
[0m13:03:21.190590 [debug] [MainThread]: Sending event: {'category': 'dbt', 'action': 'invocation', 'label': 'start', 'context': [<snowplow_tracker.self_describing_json.SelfDescribingJson object at 0x0000020629778AD0>, <snowplow_tracker.self_describing_json.SelfDescribingJson object at 0x0000020625496D50>, <snowplow_tracker.self_describing_json.SelfDescribingJson object at 0x000002062B8E3B10>]}


============================== 13:03:21.199293 | dd1d59a8-00a4-43d2-bcdb-7ae74e963e94 ==============================
[0m13:03:21.199293 [info ] [MainThread]: Running with dbt=1.11.9
[0m13:03:21.200314 [debug] [MainThread]: running dbt with arguments {'version_check': 'True', 'no_print': 'None', 'static_parser': 'True', 'target_path': 'None', 'warn_error_options': 'WarnErrorOptionsV2(error=[], warn=[], silence=[])', 'printer_width': '80', 'write_json': 'True', 'empty': 'False', 'log_cache_events': 'False', 'introspect': 'True', 'cache_selected_only': 'False', 'fail_fast': 'False', 'debug': 'False', 'log_format': 'default', 'partial_parse': 'True', 'send_anonymous_usage_stats': 'True', 'quiet': 'False', 'warn_error': 'None', 'profiles_dir': 'C:\\Users\\lucky\\.dbt', 'invocation_command': 'dbt run', 'use_colors': 'True', 'indirect_selection': 'eager', 'use_experimental_parser': 'False', 'log_path': 'logs'}
[0m13:03:21.201201 [error] [MainThread]: Encountered an error:
Runtime Error
  No dbt_project.yml found at expected path C:\users\lucky\banking-modern-stack\dbt_project.yml
  Verify that each entry within packages.yml (and their transitive dependencies) contains a file named dbt_project.yml
  
[0m13:03:21.203282 [debug] [MainThread]: Command `dbt run` failed at 13:03:21.202962 after 0.24 seconds
[0m13:03:21.204452 [debug] [MainThread]: Sending event: {'category': 'dbt', 'action': 'invocation', 'label': 'end', 'context': [<snowplow_tracker.self_describing_json.SelfDescribingJson object at 0x000002062B897230>, <snowplow_tracker.self_describing_json.SelfDescribingJson object at 0x000002062B91D7F0>, <snowplow_tracker.self_describing_json.SelfDescribingJson object at 0x000002062B9A0050>]}
[0m13:03:21.205574 [debug] [MainThread]: Flushing usage events
[0m13:03:22.633827 [debug] [MainThread]: An error was encountered while trying to flush usage events
