[2026-05-09T19:12:16.082+0000] {local_task_job_runner.py:120} INFO - ::group::Pre task execution logs
[2026-05-09T19:12:16.139+0000] {taskinstance.py:2076} INFO - Dependencies all met for dep_context=non-requeueable deps ti=<TaskInstance: minio_to_snowflake_banking.load_snowflake scheduled__2026-05-09T19:11:00+00:00 [queued]>
[2026-05-09T19:12:16.168+0000] {taskinstance.py:2076} INFO - Dependencies all met for dep_context=requeueable deps ti=<TaskInstance: minio_to_snowflake_banking.load_snowflake scheduled__2026-05-09T19:11:00+00:00 [queued]>
[2026-05-09T19:12:16.170+0000] {taskinstance.py:2306} INFO - Starting attempt 1 of 2
[2026-05-09T19:12:16.196+0000] {taskinstance.py:2330} INFO - Executing <Task(PythonOperator): load_snowflake> on 2026-05-09 19:11:00+00:00
[2026-05-09T19:12:16.213+0000] {standard_task_runner.py:90} INFO - Running: ['***', 'tasks', 'run', 'minio_to_snowflake_banking', 'load_snowflake', 'scheduled__2026-05-09T19:11:00+00:00', '--job-id', '20', '--raw', '--subdir', 'DAGS_FOLDER/minio_to_snowflake_dag.py', '--cfg-path', '/tmp/tmp07rk8fsd']
[2026-05-09T19:12:16.225+0000] {standard_task_runner.py:91} INFO - Job 20: Subtask load_snowflake
[2026-05-09T19:12:16.227+0000] {logging_mixin.py:188} WARNING - /home/***/.local/lib/python3.12/site-packages/***/task/task_runner/standard_task_runner.py:62 DeprecationWarning: This process (pid=862) is multi-threaded, use of fork() may lead to deadlocks in the child.
[2026-05-09T19:12:16.228+0000] {standard_task_runner.py:64} INFO - Started process 873 to run task
[2026-05-09T19:12:16.342+0000] {task_command.py:426} INFO - Running <TaskInstance: minio_to_snowflake_banking.load_snowflake scheduled__2026-05-09T19:11:00+00:00 [running]> on host 199caa4af8ee
[2026-05-09T19:12:16.491+0000] {taskinstance.py:2648} INFO - Exporting env vars: AIRFLOW_CTX_DAG_OWNER='***' AIRFLOW_CTX_DAG_ID='minio_to_snowflake_banking' AIRFLOW_CTX_TASK_ID='load_snowflake' AIRFLOW_CTX_EXECUTION_DATE='2026-05-09T19:11:00+00:00' AIRFLOW_CTX_TRY_NUMBER='1' AIRFLOW_CTX_DAG_RUN_ID='scheduled__2026-05-09T19:11:00+00:00'
[2026-05-09T19:12:16.493+0000] {taskinstance.py:430} INFO - ::endgroup::
[2026-05-09T19:12:16.541+0000] {connection.py:620} INFO - Snowflake Connector for Python Version: 4.4.0, Python Version: 3.12.4, Platform: Linux-6.6.114.1-microsoft-standard-WSL2-x86_64-with-glibc2.36
[2026-05-09T19:12:16.543+0000] {connection.py:1716} INFO - Connecting to GLOBAL Snowflake domain
[2026-05-09T19:12:19.917+0000] {logging_mixin.py:188} INFO - Uploaded /tmp/minio_downloads/customers_232145724825.parquet -> @customers stage
[2026-05-09T19:12:20.273+0000] {logging_mixin.py:188} INFO - Data loaded into customers
[2026-05-09T19:12:20.645+0000] {logging_mixin.py:188} INFO - Uploaded /tmp/minio_downloads/accounts_232145838532.parquet -> @accounts stage
[2026-05-09T19:12:21.127+0000] {logging_mixin.py:188} INFO - Uploaded /tmp/minio_downloads/accounts_232146030358.parquet -> @accounts stage
[2026-05-09T19:12:21.443+0000] {logging_mixin.py:188} INFO - Uploaded /tmp/minio_downloads/accounts_232146146622.parquet -> @accounts stage
[2026-05-09T19:12:21.722+0000] {logging_mixin.py:188} INFO - Data loaded into accounts
[2026-05-09T19:12:21.990+0000] {logging_mixin.py:188} INFO - Uploaded /tmp/minio_downloads/transactions_232144994219.parquet -> @transactions stage
[2026-05-09T19:12:22.245+0000] {logging_mixin.py:188} INFO - Uploaded /tmp/minio_downloads/transactions_232145115992.parquet -> @transactions stage
[2026-05-09T19:12:22.496+0000] {logging_mixin.py:188} INFO - Uploaded /tmp/minio_downloads/transactions_232145217076.parquet -> @transactions stage
[2026-05-09T19:12:22.725+0000] {logging_mixin.py:188} INFO - Uploaded /tmp/minio_downloads/transactions_232145332258.parquet -> @transactions stage
[2026-05-09T19:12:22.945+0000] {logging_mixin.py:188} INFO - Uploaded /tmp/minio_downloads/transactions_232145455177.parquet -> @transactions stage
[2026-05-09T19:12:23.174+0000] {logging_mixin.py:188} INFO - Uploaded /tmp/minio_downloads/transactions_232145591080.parquet -> @transactions stage
[2026-05-09T19:12:23.396+0000] {logging_mixin.py:188} INFO - Uploaded /tmp/minio_downloads/transactions_232146418397.parquet -> @transactions stage
[2026-05-09T19:12:23.641+0000] {logging_mixin.py:188} INFO - Uploaded /tmp/minio_downloads/transactions_232146551497.parquet -> @transactions stage
[2026-05-09T19:12:23.902+0000] {logging_mixin.py:188} INFO - Uploaded /tmp/minio_downloads/transactions_232146665070.parquet -> @transactions stage
[2026-05-09T19:12:24.183+0000] {logging_mixin.py:188} INFO - Data loaded into transactions
[2026-05-09T19:12:24.388+0000] {python.py:237} INFO - Done. Returned value was: None
[2026-05-09T19:12:24.389+0000] {taskinstance.py:441} INFO - ::group::Post task execution logs
[2026-05-09T19:12:24.411+0000] {taskinstance.py:1206} INFO - Marking task as SUCCESS. dag_id=minio_to_snowflake_banking, task_id=load_snowflake, run_id=scheduled__2026-05-09T19:11:00+00:00, execution_date=20260509T191100, start_date=20260509T191216, end_date=20260509T191224
[2026-05-09T19:12:24.497+0000] {local_task_job_runner.py:243} INFO - Task exited with return code 0
[2026-05-09T19:12:24.522+0000] {taskinstance.py:3503} INFO - 0 downstream tasks scheduled from follow-on schedule check
[2026-05-09T19:12:24.526+0000] {local_task_job_runner.py:222} INFO - ::endgroup::
