[2026-05-09T19:15:16.724+0000] {local_task_job_runner.py:120} INFO - ::group::Pre task execution logs
[2026-05-09T19:15:16.797+0000] {taskinstance.py:2076} INFO - Dependencies all met for dep_context=non-requeueable deps ti=<TaskInstance: minio_to_snowflake_banking.load_snowflake scheduled__2026-05-09T19:14:00+00:00 [queued]>
[2026-05-09T19:15:16.830+0000] {taskinstance.py:2076} INFO - Dependencies all met for dep_context=requeueable deps ti=<TaskInstance: minio_to_snowflake_banking.load_snowflake scheduled__2026-05-09T19:14:00+00:00 [queued]>
[2026-05-09T19:15:16.831+0000] {taskinstance.py:2306} INFO - Starting attempt 1 of 2
[2026-05-09T19:15:16.855+0000] {taskinstance.py:2330} INFO - Executing <Task(PythonOperator): load_snowflake> on 2026-05-09 19:14:00+00:00
[2026-05-09T19:15:16.875+0000] {standard_task_runner.py:90} INFO - Running: ['***', 'tasks', 'run', 'minio_to_snowflake_banking', 'load_snowflake', 'scheduled__2026-05-09T19:14:00+00:00', '--job-id', '26', '--raw', '--subdir', 'DAGS_FOLDER/minio_to_snowflake_dag.py', '--cfg-path', '/tmp/tmpu6ufqrc5']
[2026-05-09T19:15:16.881+0000] {standard_task_runner.py:91} INFO - Job 26: Subtask load_snowflake
[2026-05-09T19:15:16.881+0000] {logging_mixin.py:188} WARNING - /home/***/.local/lib/python3.12/site-packages/***/task/task_runner/standard_task_runner.py:62 DeprecationWarning: This process (pid=1093) is multi-threaded, use of fork() may lead to deadlocks in the child.
[2026-05-09T19:15:16.882+0000] {standard_task_runner.py:64} INFO - Started process 1104 to run task
[2026-05-09T19:15:17.002+0000] {task_command.py:426} INFO - Running <TaskInstance: minio_to_snowflake_banking.load_snowflake scheduled__2026-05-09T19:14:00+00:00 [running]> on host 199caa4af8ee
[2026-05-09T19:15:17.145+0000] {taskinstance.py:2648} INFO - Exporting env vars: AIRFLOW_CTX_DAG_OWNER='***' AIRFLOW_CTX_DAG_ID='minio_to_snowflake_banking' AIRFLOW_CTX_TASK_ID='load_snowflake' AIRFLOW_CTX_EXECUTION_DATE='2026-05-09T19:14:00+00:00' AIRFLOW_CTX_TRY_NUMBER='1' AIRFLOW_CTX_DAG_RUN_ID='scheduled__2026-05-09T19:14:00+00:00'
[2026-05-09T19:15:17.147+0000] {taskinstance.py:430} INFO - ::endgroup::
[2026-05-09T19:15:17.185+0000] {connection.py:620} INFO - Snowflake Connector for Python Version: 4.4.0, Python Version: 3.12.4, Platform: Linux-6.6.114.1-microsoft-standard-WSL2-x86_64-with-glibc2.36
[2026-05-09T19:15:17.186+0000] {connection.py:1716} INFO - Connecting to GLOBAL Snowflake domain
[2026-05-09T19:15:19.561+0000] {logging_mixin.py:188} INFO - Uploaded /tmp/minio_downloads/customers_232145724825.parquet -> @customers stage
[2026-05-09T19:15:19.877+0000] {logging_mixin.py:188} INFO - Data loaded into customers
[2026-05-09T19:15:20.119+0000] {logging_mixin.py:188} INFO - Uploaded /tmp/minio_downloads/accounts_232145838532.parquet -> @accounts stage
[2026-05-09T19:15:20.340+0000] {logging_mixin.py:188} INFO - Uploaded /tmp/minio_downloads/accounts_232146030358.parquet -> @accounts stage
[2026-05-09T19:15:20.563+0000] {logging_mixin.py:188} INFO - Uploaded /tmp/minio_downloads/accounts_232146146622.parquet -> @accounts stage
[2026-05-09T19:15:20.906+0000] {logging_mixin.py:188} INFO - Data loaded into accounts
[2026-05-09T19:15:21.154+0000] {logging_mixin.py:188} INFO - Uploaded /tmp/minio_downloads/transactions_232144994219.parquet -> @transactions stage
[2026-05-09T19:15:21.376+0000] {logging_mixin.py:188} INFO - Uploaded /tmp/minio_downloads/transactions_232145115992.parquet -> @transactions stage
[2026-05-09T19:15:21.634+0000] {logging_mixin.py:188} INFO - Uploaded /tmp/minio_downloads/transactions_232145217076.parquet -> @transactions stage
[2026-05-09T19:15:21.855+0000] {logging_mixin.py:188} INFO - Uploaded /tmp/minio_downloads/transactions_232145332258.parquet -> @transactions stage
[2026-05-09T19:15:22.075+0000] {logging_mixin.py:188} INFO - Uploaded /tmp/minio_downloads/transactions_232145455177.parquet -> @transactions stage
[2026-05-09T19:15:22.297+0000] {logging_mixin.py:188} INFO - Uploaded /tmp/minio_downloads/transactions_232145591080.parquet -> @transactions stage
[2026-05-09T19:15:22.528+0000] {logging_mixin.py:188} INFO - Uploaded /tmp/minio_downloads/transactions_232146418397.parquet -> @transactions stage
[2026-05-09T19:15:22.743+0000] {logging_mixin.py:188} INFO - Uploaded /tmp/minio_downloads/transactions_232146551497.parquet -> @transactions stage
[2026-05-09T19:15:22.957+0000] {logging_mixin.py:188} INFO - Uploaded /tmp/minio_downloads/transactions_232146665070.parquet -> @transactions stage
[2026-05-09T19:15:23.210+0000] {logging_mixin.py:188} INFO - Data loaded into transactions
[2026-05-09T19:15:23.427+0000] {python.py:237} INFO - Done. Returned value was: None
[2026-05-09T19:15:23.428+0000] {taskinstance.py:441} INFO - ::group::Post task execution logs
[2026-05-09T19:15:23.444+0000] {taskinstance.py:1206} INFO - Marking task as SUCCESS. dag_id=minio_to_snowflake_banking, task_id=load_snowflake, run_id=scheduled__2026-05-09T19:14:00+00:00, execution_date=20260509T191400, start_date=20260509T191516, end_date=20260509T191523
[2026-05-09T19:15:23.497+0000] {local_task_job_runner.py:243} INFO - Task exited with return code 0
[2026-05-09T19:15:23.520+0000] {taskinstance.py:3503} INFO - 0 downstream tasks scheduled from follow-on schedule check
[2026-05-09T19:15:23.523+0000] {local_task_job_runner.py:222} INFO - ::endgroup::
