[2026-05-10T09:01:21.316+0000] {local_task_job_runner.py:120} INFO - ::group::Pre task execution logs
[2026-05-10T09:01:21.392+0000] {taskinstance.py:2076} INFO - Dependencies all met for dep_context=non-requeueable deps ti=<TaskInstance: minio_to_snowflake_banking.download_minio scheduled__2026-05-10T09:00:00+00:00 [queued]>
[2026-05-10T09:01:21.407+0000] {taskinstance.py:2076} INFO - Dependencies all met for dep_context=requeueable deps ti=<TaskInstance: minio_to_snowflake_banking.download_minio scheduled__2026-05-10T09:00:00+00:00 [queued]>
[2026-05-10T09:01:21.408+0000] {taskinstance.py:2306} INFO - Starting attempt 1 of 2
[2026-05-10T09:01:21.435+0000] {taskinstance.py:2330} INFO - Executing <Task(PythonOperator): download_minio> on 2026-05-10 09:00:00+00:00
[2026-05-10T09:01:21.466+0000] {logging_mixin.py:188} WARNING - /home/***/.local/lib/python3.12/site-packages/***/task/task_runner/standard_task_runner.py:62 DeprecationWarning: This process (pid=927) is multi-threaded, use of fork() may lead to deadlocks in the child.
[2026-05-10T09:01:21.457+0000] {standard_task_runner.py:90} INFO - Running: ['***', 'tasks', 'run', 'minio_to_snowflake_banking', 'download_minio', 'scheduled__2026-05-10T09:00:00+00:00', '--job-id', '473', '--raw', '--subdir', 'DAGS_FOLDER/minio_to_snowflake_dag.py', '--cfg-path', '/tmp/tmplojkf97m']
[2026-05-10T09:01:21.468+0000] {standard_task_runner.py:64} INFO - Started process 938 to run task
[2026-05-10T09:01:21.468+0000] {standard_task_runner.py:91} INFO - Job 473: Subtask download_minio
[2026-05-10T09:01:21.587+0000] {task_command.py:426} INFO - Running <TaskInstance: minio_to_snowflake_banking.download_minio scheduled__2026-05-10T09:00:00+00:00 [running]> on host 783d198cb02d
[2026-05-10T09:01:21.748+0000] {taskinstance.py:2648} INFO - Exporting env vars: AIRFLOW_CTX_DAG_OWNER='***' AIRFLOW_CTX_DAG_ID='minio_to_snowflake_banking' AIRFLOW_CTX_TASK_ID='download_minio' AIRFLOW_CTX_EXECUTION_DATE='2026-05-10T09:00:00+00:00' AIRFLOW_CTX_TRY_NUMBER='1' AIRFLOW_CTX_DAG_RUN_ID='scheduled__2026-05-10T09:00:00+00:00'
[2026-05-10T09:01:21.751+0000] {taskinstance.py:430} INFO - ::endgroup::
[2026-05-10T09:01:23.113+0000] {logging_mixin.py:188} INFO - Downloaded customers/date=2026-05-10/customers_020740414270.parquet -> /tmp/minio_downloads/customers_020740414270.parquet
[2026-05-10T09:01:23.208+0000] {logging_mixin.py:188} INFO - Downloaded accounts/date=2026-05-10/accounts_020741154863.parquet -> /tmp/minio_downloads/accounts_020741154863.parquet
[2026-05-10T09:01:23.236+0000] {logging_mixin.py:188} INFO - Downloaded accounts/date=2026-05-10/accounts_020741267395.parquet -> /tmp/minio_downloads/accounts_020741267395.parquet
[2026-05-10T09:01:23.342+0000] {logging_mixin.py:188} INFO - Downloaded transactions/date=2026-05-10/transactions_020741407511.parquet -> /tmp/minio_downloads/transactions_020741407511.parquet
[2026-05-10T09:01:23.369+0000] {logging_mixin.py:188} INFO - Downloaded transactions/date=2026-05-10/transactions_020741563869.parquet -> /tmp/minio_downloads/transactions_020741563869.parquet
[2026-05-10T09:01:23.404+0000] {logging_mixin.py:188} INFO - Downloaded transactions/date=2026-05-10/transactions_020741686647.parquet -> /tmp/minio_downloads/transactions_020741686647.parquet
[2026-05-10T09:01:23.433+0000] {logging_mixin.py:188} INFO - Downloaded transactions/date=2026-05-10/transactions_020741780913.parquet -> /tmp/minio_downloads/transactions_020741780913.parquet
[2026-05-10T09:01:23.465+0000] {logging_mixin.py:188} INFO - Downloaded transactions/date=2026-05-10/transactions_020741883026.parquet -> /tmp/minio_downloads/transactions_020741883026.parquet
[2026-05-10T09:01:23.493+0000] {logging_mixin.py:188} INFO - Downloaded transactions/date=2026-05-10/transactions_020741993471.parquet -> /tmp/minio_downloads/transactions_020741993471.parquet
[2026-05-10T09:01:23.525+0000] {logging_mixin.py:188} INFO - Downloaded transactions/date=2026-05-10/transactions_020742144641.parquet -> /tmp/minio_downloads/transactions_020742144641.parquet
[2026-05-10T09:01:23.527+0000] {python.py:237} INFO - Done. Returned value was: {'customers': ['/tmp/minio_downloads/customers_020740414270.parquet'], 'accounts': ['/tmp/minio_downloads/accounts_020741154863.parquet', '/tmp/minio_downloads/accounts_020741267395.parquet'], 'transactions': ['/tmp/minio_downloads/transactions_020741407511.parquet', '/tmp/minio_downloads/transactions_020741563869.parquet', '/tmp/minio_downloads/transactions_020741686647.parquet', '/tmp/minio_downloads/transactions_020741780913.parquet', '/tmp/minio_downloads/transactions_020741883026.parquet', '/tmp/minio_downloads/transactions_020741993471.parquet', '/tmp/minio_downloads/transactions_020742144641.parquet']}
[2026-05-10T09:01:23.528+0000] {taskinstance.py:441} INFO - ::group::Post task execution logs
[2026-05-10T09:01:23.605+0000] {taskinstance.py:1206} INFO - Marking task as SUCCESS. dag_id=minio_to_snowflake_banking, task_id=download_minio, run_id=scheduled__2026-05-10T09:00:00+00:00, execution_date=20260510T090000, start_date=20260510T090121, end_date=20260510T090123
[2026-05-10T09:01:23.653+0000] {local_task_job_runner.py:243} INFO - Task exited with return code 0
[2026-05-10T09:01:23.691+0000] {taskinstance.py:3503} INFO - 1 downstream tasks scheduled from follow-on schedule check
[2026-05-10T09:01:23.695+0000] {local_task_job_runner.py:222} INFO - ::endgroup::
