[2026-05-09T20:00:17.223+0000] {local_task_job_runner.py:120} INFO - ::group::Pre task execution logs
[2026-05-09T20:00:17.287+0000] {taskinstance.py:2076} INFO - Dependencies all met for dep_context=non-requeueable deps ti=<TaskInstance: minio_to_snowflake_banking.load_snowflake scheduled__2026-05-09T19:59:00+00:00 [queued]>
[2026-05-09T20:00:17.308+0000] {taskinstance.py:2076} INFO - Dependencies all met for dep_context=requeueable deps ti=<TaskInstance: minio_to_snowflake_banking.load_snowflake scheduled__2026-05-09T19:59:00+00:00 [queued]>
[2026-05-09T20:00:17.309+0000] {taskinstance.py:2306} INFO - Starting attempt 1 of 2
[2026-05-09T20:00:17.343+0000] {taskinstance.py:2330} INFO - Executing <Task(PythonOperator): load_snowflake> on 2026-05-09 19:59:00+00:00
[2026-05-09T20:00:17.371+0000] {standard_task_runner.py:90} INFO - Running: ['***', 'tasks', 'run', 'minio_to_snowflake_banking', 'load_snowflake', 'scheduled__2026-05-09T19:59:00+00:00', '--job-id', '105', '--raw', '--subdir', 'DAGS_FOLDER/minio_to_snowflake_dag.py', '--cfg-path', '/tmp/tmphaovryqu']
[2026-05-09T20:00:17.378+0000] {standard_task_runner.py:91} INFO - Job 105: Subtask load_snowflake
[2026-05-09T20:00:17.381+0000] {logging_mixin.py:188} WARNING - /home/***/.local/lib/python3.12/site-packages/***/task/task_runner/standard_task_runner.py:62 DeprecationWarning: This process (pid=161) is multi-threaded, use of fork() may lead to deadlocks in the child.
[2026-05-09T20:00:17.385+0000] {standard_task_runner.py:64} INFO - Started process 172 to run task
[2026-05-09T20:00:17.538+0000] {task_command.py:426} INFO - Running <TaskInstance: minio_to_snowflake_banking.load_snowflake scheduled__2026-05-09T19:59:00+00:00 [running]> on host eeac7f80404e
[2026-05-09T20:00:17.796+0000] {taskinstance.py:2648} INFO - Exporting env vars: AIRFLOW_CTX_DAG_OWNER='***' AIRFLOW_CTX_DAG_ID='minio_to_snowflake_banking' AIRFLOW_CTX_TASK_ID='load_snowflake' AIRFLOW_CTX_EXECUTION_DATE='2026-05-09T19:59:00+00:00' AIRFLOW_CTX_TRY_NUMBER='1' AIRFLOW_CTX_DAG_RUN_ID='scheduled__2026-05-09T19:59:00+00:00'
[2026-05-09T20:00:17.798+0000] {taskinstance.py:430} INFO - ::endgroup::
[2026-05-09T20:00:17.856+0000] {connection.py:620} INFO - Snowflake Connector for Python Version: 4.4.0, Python Version: 3.12.4, Platform: Linux-6.6.114.1-microsoft-standard-WSL2-x86_64-with-glibc2.36
[2026-05-09T20:00:17.858+0000] {connection.py:1716} INFO - Connecting to GLOBAL Snowflake domain
[2026-05-09T20:00:19.523+0000] {logging_mixin.py:188} INFO - No files for customers, skipping.
[2026-05-09T20:00:19.524+0000] {logging_mixin.py:188} INFO - No files for accounts, skipping.
[2026-05-09T20:00:19.525+0000] {logging_mixin.py:188} INFO - No files for transactions, skipping.
[2026-05-09T20:00:19.792+0000] {python.py:237} INFO - Done. Returned value was: None
[2026-05-09T20:00:19.794+0000] {taskinstance.py:441} INFO - ::group::Post task execution logs
[2026-05-09T20:00:19.813+0000] {taskinstance.py:1206} INFO - Marking task as SUCCESS. dag_id=minio_to_snowflake_banking, task_id=load_snowflake, run_id=scheduled__2026-05-09T19:59:00+00:00, execution_date=20260509T195900, start_date=20260509T200017, end_date=20260509T200019
[2026-05-09T20:00:19.901+0000] {local_task_job_runner.py:243} INFO - Task exited with return code 0
[2026-05-09T20:00:19.938+0000] {taskinstance.py:3503} INFO - 0 downstream tasks scheduled from follow-on schedule check
[2026-05-09T20:00:19.942+0000] {local_task_job_runner.py:222} INFO - ::endgroup::
