[2026-05-10T09:01:02.715+0000] {local_task_job_runner.py:120} INFO - ::group::Pre task execution logs
[2026-05-10T09:01:02.769+0000] {taskinstance.py:2076} INFO - Dependencies all met for dep_context=non-requeueable deps ti=<TaskInstance: SCD2_snapshots.dbt_snapshot manual__2026-05-10T09:00:39.832769+00:00 [queued]>
[2026-05-10T09:01:02.788+0000] {taskinstance.py:2076} INFO - Dependencies all met for dep_context=requeueable deps ti=<TaskInstance: SCD2_snapshots.dbt_snapshot manual__2026-05-10T09:00:39.832769+00:00 [queued]>
[2026-05-10T09:01:02.790+0000] {taskinstance.py:2306} INFO - Starting attempt 1 of 2
[2026-05-10T09:01:02.816+0000] {taskinstance.py:2330} INFO - Executing <Task(BashOperator): dbt_snapshot> on 2026-05-10 09:00:39.832769+00:00
[2026-05-10T09:01:02.827+0000] {standard_task_runner.py:64} INFO - Started process 919 to run task
[2026-05-10T09:01:02.832+0000] {standard_task_runner.py:90} INFO - Running: ['***', 'tasks', 'run', 'SCD2_snapshots', 'dbt_snapshot', 'manual__2026-05-10T09:00:39.832769+00:00', '--job-id', '472', '--raw', '--subdir', 'DAGS_FOLDER/scd_snapshots.py', '--cfg-path', '/tmp/tmpz472pzqd']
[2026-05-10T09:01:02.836+0000] {standard_task_runner.py:91} INFO - Job 472: Subtask dbt_snapshot
[2026-05-10T09:01:02.953+0000] {task_command.py:426} INFO - Running <TaskInstance: SCD2_snapshots.dbt_snapshot manual__2026-05-10T09:00:39.832769+00:00 [running]> on host 783d198cb02d
[2026-05-10T09:01:03.126+0000] {taskinstance.py:2648} INFO - Exporting env vars: AIRFLOW_CTX_DAG_OWNER='***' AIRFLOW_CTX_DAG_ID='SCD2_snapshots' AIRFLOW_CTX_TASK_ID='dbt_snapshot' AIRFLOW_CTX_EXECUTION_DATE='2026-05-10T09:00:39.832769+00:00' AIRFLOW_CTX_TRY_NUMBER='1' AIRFLOW_CTX_DAG_RUN_ID='manual__2026-05-10T09:00:39.832769+00:00'
[2026-05-10T09:01:03.128+0000] {taskinstance.py:430} INFO - ::endgroup::
[2026-05-10T09:01:03.176+0000] {subprocess.py:63} INFO - Tmp dir root location: /tmp
[2026-05-10T09:01:03.181+0000] {subprocess.py:75} INFO - Running command: ['/usr/bin/bash', '-c', 'cd /opt/***/banking_dbt && dbt snapshot --profiles-dir /home/***/.dbt']
[2026-05-10T09:01:03.218+0000] {subprocess.py:86} INFO - Output:
[2026-05-10T09:01:08.533+0000] {subprocess.py:93} INFO - [0m09:01:08  Running with dbt=1.11.9
[2026-05-10T09:01:08.572+0000] {subprocess.py:93} INFO - [0m09:01:08  Encountered an error:
[2026-05-10T09:01:08.574+0000] {subprocess.py:93} INFO - Runtime Error
[2026-05-10T09:01:08.576+0000] {subprocess.py:93} INFO -   Could not find profile named 'bandking_dbt'
[2026-05-10T09:01:11.510+0000] {subprocess.py:97} INFO - Command exited with return code 2
[2026-05-10T09:01:11.535+0000] {taskinstance.py:441} INFO - ::group::Post task execution logs
[2026-05-10T09:01:11.618+0000] {taskinstance.py:2905} ERROR - Task failed with exception
Traceback (most recent call last):
  File "/home/airflow/.local/lib/python3.12/site-packages/airflow/models/taskinstance.py", line 465, in _execute_task
    result = _execute_callable(context=context, **execute_callable_kwargs)
             ^^^^^^^^^^^^^^^^^^^^^^^^^^^^^^^^^^^^^^^^^^^^^^^^^^^^^^^^^^^^^
  File "/home/airflow/.local/lib/python3.12/site-packages/airflow/models/taskinstance.py", line 432, in _execute_callable
    return execute_callable(context=context, **execute_callable_kwargs)
           ^^^^^^^^^^^^^^^^^^^^^^^^^^^^^^^^^^^^^^^^^^^^^^^^^^^^^^^^^^^^
  File "/home/airflow/.local/lib/python3.12/site-packages/airflow/models/baseoperator.py", line 401, in wrapper
    return func(self, *args, **kwargs)
           ^^^^^^^^^^^^^^^^^^^^^^^^^^^
  File "/home/airflow/.local/lib/python3.12/site-packages/airflow/operators/bash.py", line 243, in execute
    raise AirflowException(
airflow.exceptions.AirflowException: Bash command failed. The command returned a non-zero exit code 2.
[2026-05-10T09:01:11.641+0000] {taskinstance.py:1206} INFO - Marking task as UP_FOR_RETRY. dag_id=SCD2_snapshots, task_id=dbt_snapshot, run_id=manual__2026-05-10T09:00:39.832769+00:00, execution_date=20260510T090039, start_date=20260510T090102, end_date=20260510T090111
[2026-05-10T09:01:11.752+0000] {standard_task_runner.py:110} ERROR - Failed to execute job 472 for task dbt_snapshot (Bash command failed. The command returned a non-zero exit code 2.; 919)
[2026-05-10T09:01:11.865+0000] {local_task_job_runner.py:243} INFO - Task exited with return code 1
[2026-05-10T09:01:11.985+0000] {taskinstance.py:3503} INFO - 0 downstream tasks scheduled from follow-on schedule check
[2026-05-10T09:01:11.994+0000] {local_task_job_runner.py:222} INFO - ::endgroup::
