[2026-05-09T20:14:11.679+0000] {local_task_job_runner.py:120} INFO - ::group::Pre task execution logs
[2026-05-09T20:14:11.722+0000] {taskinstance.py:2076} INFO - Dependencies all met for dep_context=non-requeueable deps ti=<TaskInstance: minio_to_snowflake_banking.load_snowflake scheduled__2026-05-09T20:13:00+00:00 [queued]>
[2026-05-09T20:14:11.735+0000] {taskinstance.py:2076} INFO - Dependencies all met for dep_context=requeueable deps ti=<TaskInstance: minio_to_snowflake_banking.load_snowflake scheduled__2026-05-09T20:13:00+00:00 [queued]>
[2026-05-09T20:14:11.736+0000] {taskinstance.py:2306} INFO - Starting attempt 1 of 2
[2026-05-09T20:14:11.753+0000] {taskinstance.py:2330} INFO - Executing <Task(PythonOperator): load_snowflake> on 2026-05-09 20:13:00+00:00
[2026-05-09T20:14:11.765+0000] {standard_task_runner.py:90} INFO - Running: ['***', 'tasks', 'run', 'minio_to_snowflake_banking', 'load_snowflake', 'scheduled__2026-05-09T20:13:00+00:00', '--job-id', '133', '--raw', '--subdir', 'DAGS_FOLDER/minio_to_snowflake_dag.py', '--cfg-path', '/tmp/tmpce2w3n_9']
[2026-05-09T20:14:11.773+0000] {logging_mixin.py:188} WARNING - /home/***/.local/lib/python3.12/site-packages/***/task/task_runner/standard_task_runner.py:62 DeprecationWarning: This process (pid=683) is multi-threaded, use of fork() may lead to deadlocks in the child.
[2026-05-09T20:14:11.774+0000] {standard_task_runner.py:91} INFO - Job 133: Subtask load_snowflake
[2026-05-09T20:14:11.774+0000] {standard_task_runner.py:64} INFO - Started process 694 to run task
[2026-05-09T20:14:11.909+0000] {task_command.py:426} INFO - Running <TaskInstance: minio_to_snowflake_banking.load_snowflake scheduled__2026-05-09T20:13:00+00:00 [running]> on host eeac7f80404e
[2026-05-09T20:14:12.083+0000] {taskinstance.py:2648} INFO - Exporting env vars: AIRFLOW_CTX_DAG_OWNER='***' AIRFLOW_CTX_DAG_ID='minio_to_snowflake_banking' AIRFLOW_CTX_TASK_ID='load_snowflake' AIRFLOW_CTX_EXECUTION_DATE='2026-05-09T20:13:00+00:00' AIRFLOW_CTX_TRY_NUMBER='1' AIRFLOW_CTX_DAG_RUN_ID='scheduled__2026-05-09T20:13:00+00:00'
[2026-05-09T20:14:12.085+0000] {taskinstance.py:430} INFO - ::endgroup::
[2026-05-09T20:14:12.128+0000] {connection.py:620} INFO - Snowflake Connector for Python Version: 4.4.0, Python Version: 3.12.4, Platform: Linux-6.6.114.1-microsoft-standard-WSL2-x86_64-with-glibc2.36
[2026-05-09T20:14:12.130+0000] {connection.py:1716} INFO - Connecting to GLOBAL Snowflake domain
[2026-05-09T20:14:13.877+0000] {logging_mixin.py:188} INFO - No files for customers, skipping.
[2026-05-09T20:14:13.878+0000] {logging_mixin.py:188} INFO - No files for accounts, skipping.
[2026-05-09T20:14:13.879+0000] {logging_mixin.py:188} INFO - No files for transactions, skipping.
[2026-05-09T20:14:14.141+0000] {python.py:237} INFO - Done. Returned value was: None
[2026-05-09T20:14:14.143+0000] {taskinstance.py:441} INFO - ::group::Post task execution logs
[2026-05-09T20:14:14.160+0000] {taskinstance.py:1206} INFO - Marking task as SUCCESS. dag_id=minio_to_snowflake_banking, task_id=load_snowflake, run_id=scheduled__2026-05-09T20:13:00+00:00, execution_date=20260509T201300, start_date=20260509T201411, end_date=20260509T201414
[2026-05-09T20:14:14.202+0000] {local_task_job_runner.py:243} INFO - Task exited with return code 0
[2026-05-09T20:14:14.229+0000] {taskinstance.py:3503} INFO - 0 downstream tasks scheduled from follow-on schedule check
[2026-05-09T20:14:14.232+0000] {local_task_job_runner.py:222} INFO - ::endgroup::
